Archive member included to satisfy reference by file (symbol)

c:/program files (x86)/gnu tools arm embedded/9 2019-q4-major/bin/../lib/gcc/arm-none-eabi/9.2.1/../../../../arm-none-eabi/lib/thumb/v7e-m+fp/softfp\libc.a(lib_a-callocr.o)
                              BUILD/NRF52_DK/GCC_ARM_RX/mbed-os/platform/source/mbed_alloc_wrappers.o (_calloc_r)
c:/program files (x86)/gnu tools arm embedded/9 2019-q4-major/bin/../lib/gcc/arm-none-eabi/9.2.1/../../../../arm-none-eabi/lib/thumb/v7e-m+fp/softfp\libc.a(lib_a-errno.o)
                              BUILD/NRF52_DK/GCC_ARM_RX/mbed-os/platform/source/mbed_retarget.o (__errno)
c:/program files (x86)/gnu tools arm embedded/9 2019-q4-major/bin/../lib/gcc/arm-none-eabi/9.2.1/../../../../arm-none-eabi/lib/thumb/v7e-m+fp/softfp\libc.a(lib_a-fclose.o)
                              BUILD/NRF52_DK/GCC_ARM_RX/mbed-os/platform/source/Stream.o (fclose)
c:/program files (x86)/gnu tools arm embedded/9 2019-q4-major/bin/../lib/gcc/arm-none-eabi/9.2.1/../../../../arm-none-eabi/lib/thumb/v7e-m+fp/softfp\libc.a(lib_a-fflush.o)
                              c:/program files (x86)/gnu tools arm embedded/9 2019-q4-major/bin/../lib/gcc/arm-none-eabi/9.2.1/../../../../arm-none-eabi/lib/thumb/v7e-m+fp/softfp\libc.a(lib_a-fclose.o) (__sflush_r)
c:/program files (x86)/gnu tools arm embedded/9 2019-q4-major/bin/../lib/gcc/arm-none-eabi/9.2.1/../../../../arm-none-eabi/lib/thumb/v7e-m+fp/softfp\libc.a(lib_a-fgetc.o)
                              BUILD/NRF52_DK/GCC_ARM_RX/mbed-os/platform/source/Stream.o (fgetc)
c:/program files (x86)/gnu tools arm embedded/9 2019-q4-major/bin/../lib/gcc/arm-none-eabi/9.2.1/../../../../arm-none-eabi/lib/thumb/v7e-m+fp/softfp\libc.a(lib_a-fgets.o)
                              BUILD/NRF52_DK/GCC_ARM_RX/mbed-os/platform/source/Stream.o (fgets)
c:/program files (x86)/gnu tools arm embedded/9 2019-q4-major/bin/../lib/gcc/arm-none-eabi/9.2.1/../../../../arm-none-eabi/lib/thumb/v7e-m+fp/softfp\libc.a(lib_a-findfp.o)
                              c:/program files (x86)/gnu tools arm embedded/9 2019-q4-major/bin/../lib/gcc/arm-none-eabi/9.2.1/../../../../arm-none-eabi/lib/thumb/v7e-m+fp/softfp\libc.a(lib_a-fclose.o) (__sinit)
c:/program files (x86)/gnu tools arm embedded/9 2019-q4-major/bin/../lib/gcc/arm-none-eabi/9.2.1/../../../../arm-none-eabi/lib/thumb/v7e-m+fp/softfp\libc.a(lib_a-fopen.o)
                              BUILD/NRF52_DK/GCC_ARM_RX/mbed-os/platform/source/mbed_retarget.o (fopen)
c:/program files (x86)/gnu tools arm embedded/9 2019-q4-major/bin/../lib/gcc/arm-none-eabi/9.2.1/../../../../arm-none-eabi/lib/thumb/v7e-m+fp/softfp\libc.a(lib_a-fputc.o)
                              BUILD/NRF52_DK/GCC_ARM_RX/mbed-os/platform/source/Stream.o (fputc)
c:/program files (x86)/gnu tools arm embedded/9 2019-q4-major/bin/../lib/gcc/arm-none-eabi/9.2.1/../../../../arm-none-eabi/lib/thumb/v7e-m+fp/softfp\libc.a(lib_a-fputs.o)
                              BUILD/NRF52_DK/GCC_ARM_RX/mbed-os/platform/source/Stream.o (fputs)
c:/program files (x86)/gnu tools arm embedded/9 2019-q4-major/bin/../lib/gcc/arm-none-eabi/9.2.1/../../../../arm-none-eabi/lib/thumb/v7e-m+fp/softfp\libc.a(lib_a-freer.o)
                              BUILD/NRF52_DK/GCC_ARM_RX/mbed-os/platform/source/mbed_alloc_wrappers.o (_free_r)
c:/program files (x86)/gnu tools arm embedded/9 2019-q4-major/bin/../lib/gcc/arm-none-eabi/9.2.1/../../../../arm-none-eabi/lib/thumb/v7e-m+fp/softfp\libc.a(lib_a-fseek.o)
                              c:/program files (x86)/gnu tools arm embedded/9 2019-q4-major/bin/../lib/gcc/arm-none-eabi/9.2.1/../../../../arm-none-eabi/lib/thumb/v7e-m+fp/softfp\libc.a(lib_a-fopen.o) (_fseek_r)
c:/program files (x86)/gnu tools arm embedded/9 2019-q4-major/bin/../lib/gcc/arm-none-eabi/9.2.1/../../../../arm-none-eabi/lib/thumb/v7e-m+fp/softfp\libc.a(lib_a-fseeko.o)
                              c:/program files (x86)/gnu tools arm embedded/9 2019-q4-major/bin/../lib/gcc/arm-none-eabi/9.2.1/../../../../arm-none-eabi/lib/thumb/v7e-m+fp/softfp\libc.a(lib_a-fseek.o) (_fseeko_r)
c:/program files (x86)/gnu tools arm embedded/9 2019-q4-major/bin/../lib/gcc/arm-none-eabi/9.2.1/../../../../arm-none-eabi/lib/thumb/v7e-m+fp/softfp\libc.a(lib_a-fstatr.o)
                              c:/program files (x86)/gnu tools arm embedded/9 2019-q4-major/bin/../lib/gcc/arm-none-eabi/9.2.1/../../../../arm-none-eabi/lib/thumb/v7e-m+fp/softfp\libc.a(lib_a-fseeko.o) (_fstat_r)
c:/program files (x86)/gnu tools arm embedded/9 2019-q4-major/bin/../lib/gcc/arm-none-eabi/9.2.1/../../../../arm-none-eabi/lib/thumb/v7e-m+fp/softfp\libc.a(lib_a-fvwrite.o)
                              c:/program files (x86)/gnu tools arm embedded/9 2019-q4-major/bin/../lib/gcc/arm-none-eabi/9.2.1/../../../../arm-none-eabi/lib/thumb/v7e-m+fp/softfp\libc.a(lib_a-fputs.o) (__sfvwrite_r)
[...]
Memory Configuration

Name             Origin             Length             Attributes
FLASH            0x00000000         0x00080000         xr
RAM_NVIC         0x20000000         0x000000e0         xrw
RAM              0x200000e0         0x0000ff20         xrw
*default*        0x00000000         0xffffffff

Linker script and memory map

LOAD c:/program files (x86)/gnu tools arm embedded/9 2019-q4-major/bin/../lib/gcc/arm-none-eabi/9.2.1/thumb/v7e-m+fp/softfp/crti.o
LOAD c:/program files (x86)/gnu tools arm embedded/9 2019-q4-major/bin/../lib/gcc/arm-none-eabi/9.2.1/thumb/v7e-m+fp/softfp/crtbegin.o
LOAD c:/program files (x86)/gnu tools arm embedded/9 2019-q4-major/bin/../lib/gcc/arm-none-eabi/9.2.1/../../../../arm-none-eabi/lib/thumb/v7e-m+fp/softfp/crt0.o
LOAD BUILD/NRF52_DK/GCC_ARM_RX/main.o
LOAD BUILD/NRF52_DK/GCC_ARM_RX/mbed-os/cmsis/TARGET_CORTEX_M/mbed_tz_context.o
LOAD BUILD/NRF52_DK/GCC_ARM_RX/mbed-os/drivers/source/AnalogIn.o
LOAD BUILD/NRF52_DK/GCC_ARM_RX/mbed-os/drivers/source/AnalogOut.o
LOAD BUILD/NRF52_DK/GCC_ARM_RX/mbed-os/drivers/source/BusIn.o
LOAD BUILD/NRF52_DK/GCC_ARM_RX/mbed-os/drivers/source/BusInOut.o
LOAD BUILD/NRF52_DK/GCC_ARM_RX/mbed-os/drivers/source/BusOut.o
LOAD BUILD/NRF52_DK/GCC_ARM_RX/mbed-os/drivers/source/CAN.o
LOAD BUILD/NRF52_DK/GCC_ARM_RX/mbed-os/drivers/source/DigitalIn.o
LOAD BUILD/NRF52_DK/GCC_ARM_RX/mbed-os/drivers/source/DigitalInOut.o
LOAD BUILD/NRF52_DK/GCC_ARM_RX/mbed-os/drivers/source/DigitalOut.o
LOAD BUILD/NRF52_DK/GCC_ARM_RX/mbed-os/drivers/source/Ethernet.o
LOAD BUILD/NRF52_DK/GCC_ARM_RX/mbed-os/drivers/source/FlashIAP.o
LOAD BUILD/NRF52_DK/GCC_ARM_RX/mbed-os/drivers/source/I2C.o
LOAD BUILD/NRF52_DK/GCC_ARM_RX/mbed-os/drivers/source/I2CSlave.o
LOAD BUILD/NRF52_DK/GCC_ARM_RX/mbed-os/drivers/source/InterruptIn.o
LOAD BUILD/NRF52_DK/GCC_ARM_RX/mbed-os/drivers/source/InterruptManager.o
LOAD BUILD/NRF52_DK/GCC_ARM_RX/mbed-os/drivers/source/MbedCRC.o
LOAD BUILD/NRF52_DK/GCC_ARM_RX/mbed-os/drivers/source/PortIn.o
LOAD BUILD/NRF52_DK/GCC_ARM_RX/mbed-os/drivers/source/PortInOut.o
LOAD BUILD/NRF52_DK/GCC_ARM_RX/mbed-os/drivers/source/PortOut.o
LOAD BUILD/NRF52_DK/GCC_ARM_RX/mbed-os/drivers/source/PwmOut.o
LOAD BUILD/NRF52_DK/GCC_ARM_RX/mbed-os/drivers/source/QSPI.o
LOAD BUILD/NRF52_DK/GCC_ARM_RX/mbed-os/drivers/source/RawSerial.o
LOAD BUILD/NRF52_DK/GCC_ARM_RX/mbed-os/drivers/source/ResetReason.o
LOAD BUILD/NRF52_DK/GCC_ARM_RX/mbed-os/drivers/source/SPI.o
LOAD BUILD/NRF52_DK/GCC_ARM_RX/mbed-os/drivers/source/SPISlave.o
LOAD BUILD/NRF52_DK/GCC_ARM_RX/mbed-os/drivers/source/Serial.o
LOAD BUILD/NRF52_DK/GCC_ARM_RX/mbed-os/drivers/source/SerialBase.o
LOAD BUILD/NRF52_DK/GCC_ARM_RX/mbed-os/drivers/source/SerialWireOutput.o
LOAD BUILD/NRF52_DK/GCC_ARM_RX/mbed-os/drivers/source/TableCRC.o
LOAD BUILD/NRF52_DK/GCC_ARM_RX/mbed-os/drivers/source/Ticker.o
LOAD BUILD/NRF52_DK/GCC_ARM_RX/mbed-os/drivers/source/Timeout.o
LOAD BUILD/NRF52_DK/GCC_ARM_RX/mbed-os/drivers/source/Timer.o
LOAD BUILD/NRF52_DK/GCC_ARM_RX/mbed-os/drivers/source/TimerEvent.o
LOAD BUILD/NRF52_DK/GCC_ARM_RX/mbed-os/drivers/source/UARTSerial.o
LOAD BUILD/NRF52_DK/GCC_ARM_RX/mbed-os/drivers/source/Watchdog.o
LOAD BUILD/NRF52_DK/GCC_ARM_RX/mbed-os/features/storage/blockdevice/BufferedBlockDevice.o
LOAD BUILD/NRF52_DK/GCC_ARM_RX/mbed-os/features/storage/blockdevice/ChainingBlockDevice.o
LOAD BUILD/NRF52_DK/GCC_ARM_RX/mbed-os/features/storage/blockdevice/ExhaustibleBlockDevice.o
LOAD BUILD/NRF52_DK/GCC_ARM_RX/mbed-os/features/storage/blockdevice/FlashSimBlockDevice.o
LOAD BUILD/NRF52_DK/GCC_ARM_RX/mbed-os/features/storage/blockdevice/HeapBlockDevice.o
LOAD BUILD/NRF52_DK/GCC_ARM_RX/mbed-os/features/storage/blockdevice/MBRBlockDevice.o
LOAD BUILD/NRF52_DK/GCC_ARM_RX/mbed-os/features/storage/blockdevice/ObservingBlockDevice.o
LOAD BUILD/NRF52_DK/GCC_ARM_RX/mbed-os/features/storage/blockdevice/ProfilingBlockDevice.o
LOAD BUILD/NRF52_DK/GCC_ARM_RX/mbed-os/features/storage/blockdevice/ReadOnlyBlockDevice.o
LOAD BUILD/NRF52_DK/GCC_ARM_RX/mbed-os/features/storage/blockdevice/SlicingBlockDevice.o
LOAD BUILD/NRF52_DK/GCC_ARM_RX/mbed-os/hal/LowPowerTickerWrapper.o
LOAD BUILD/NRF52_DK/GCC_ARM_RX/mbed-os/hal/mbed_compat.o
LOAD BUILD/NRF52_DK/GCC_ARM_RX/mbed-os/hal/mbed_critical_section_api.o
LOAD BUILD/NRF52_DK/GCC_ARM_RX/mbed-os/hal/mbed_flash_api.o
LOAD BUILD/NRF52_DK/GCC_ARM_RX/mbed-os/hal/mbed_gpio.o
LOAD BUILD/NRF52_DK/GCC_ARM_RX/mbed-os/hal/mbed_gpio_irq.o
LOAD BUILD/NRF52_DK/GCC_ARM_RX/mbed-os/hal/mbed_itm_api.o
LOAD BUILD/NRF52_DK/GCC_ARM_RX/mbed-os/hal/mbed_lp_ticker_api.o
LOAD BUILD/NRF52_DK/GCC_ARM_RX/mbed-os/hal/mbed_lp_ticker_wrapper.o
LOAD BUILD/NRF52_DK/GCC_ARM_RX/mbed-os/hal/mbed_pinmap_common.o
LOAD BUILD/NRF52_DK/GCC_ARM_RX/mbed-os/hal/mbed_pinmap_default.o
LOAD BUILD/NRF52_DK/GCC_ARM_RX/mbed-os/hal/mbed_ticker_api.o
LOAD BUILD/NRF52_DK/GCC_ARM_RX/mbed-os/hal/mbed_us_ticker_api.o
LOAD BUILD/NRF52_DK/GCC_ARM_RX/mbed-os/hal/mpu/mbed_mpu_v7m.o
LOAD BUILD/NRF52_DK/GCC_ARM_RX/mbed-os/hal/mpu/mbed_mpu_v8m.o
LOAD BUILD/NRF52_DK/GCC_ARM_RX/mbed-os/hal/static_pinmap.o
LOAD BUILD/NRF52_DK/GCC_ARM_RX/mbed-os/hal/usb/mbed_usb_phy.o
LOAD BUILD/NRF52_DK/GCC_ARM_RX/mbed-os/platform/cxxsupport/mstd_mutex.o
LOAD BUILD/NRF52_DK/GCC_ARM_RX/mbed-os/platform/source/ATCmdParser.o
LOAD BUILD/NRF52_DK/GCC_ARM_RX/mbed-os/platform/source/CThunkBase.o
LOAD BUILD/NRF52_DK/GCC_ARM_RX/mbed-os/platform/source/CallChain.o
LOAD BUILD/NRF52_DK/GCC_ARM_RX/mbed-os/platform/source/CriticalSectionLock.o
LOAD BUILD/NRF52_DK/GCC_ARM_RX/mbed-os/platform/source/DeepSleepLock.o
LOAD BUILD/NRF52_DK/GCC_ARM_RX/mbed-os/platform/source/FileBase.o
LOAD BUILD/NRF52_DK/GCC_ARM_RX/mbed-os/platform/source/FileHandle.o
LOAD BUILD/NRF52_DK/GCC_ARM_RX/mbed-os/platform/source/FilePath.o
LOAD BUILD/NRF52_DK/GCC_ARM_RX/mbed-os/platform/source/FileSystemHandle.o
LOAD BUILD/NRF52_DK/GCC_ARM_RX/mbed-os/platform/source/LocalFileSystem.o
LOAD BUILD/NRF52_DK/GCC_ARM_RX/mbed-os/platform/source/Stream.o
LOAD BUILD/NRF52_DK/GCC_ARM_RX/mbed-os/platform/source/SysTimer.o
LOAD BUILD/NRF52_DK/GCC_ARM_RX/mbed-os/platform/source/TARGET_CORTEX_M/TOOLCHAIN_GCC/except.o
LOAD BUILD/NRF52_DK/GCC_ARM_RX/mbed-os/platform/source/TARGET_CORTEX_M/mbed_fault_handler.o
LOAD BUILD/NRF52_DK/GCC_ARM_RX/mbed-os/platform/source/mbed_alloc_wrappers.o
LOAD BUILD/NRF52_DK/GCC_ARM_RX/mbed-os/platform/source/mbed_application.o
LOAD BUILD/NRF52_DK/GCC_ARM_RX/mbed-os/platform/source/mbed_assert.o
LOAD BUILD/NRF52_DK/GCC_ARM_RX/mbed-os/platform/source/mbed_atomic_impl.o
LOAD BUILD/NRF52_DK/GCC_ARM_RX/mbed-os/platform/source/mbed_board.o
LOAD BUILD/NRF52_DK/GCC_ARM_RX/mbed-os/platform/source/mbed_critical.o
LOAD BUILD/NRF52_DK/GCC_ARM_RX/mbed-os/platform/source/mbed_error.o
LOAD BUILD/NRF52_DK/GCC_ARM_RX/mbed-os/platform/source/mbed_error_hist.o
LOAD BUILD/NRF52_DK/GCC_ARM_RX/mbed-os/platform/source/mbed_interface.o
LOAD BUILD/NRF52_DK/GCC_ARM_RX/mbed-os/platform/source/mbed_mem_trace.o
LOAD BUILD/NRF52_DK/GCC_ARM_RX/mbed-os/platform/source/mbed_mktime.o
LOAD BUILD/NRF52_DK/GCC_ARM_RX/mbed-os/platform/source/mbed_mpu_mgmt.o
LOAD BUILD/NRF52_DK/GCC_ARM_RX/mbed-os/platform/source/mbed_os_timer.o
LOAD BUILD/NRF52_DK/GCC_ARM_RX/mbed-os/platform/source/mbed_poll.o
LOAD BUILD/NRF52_DK/GCC_ARM_RX/mbed-os/platform/source/mbed_power_mgmt.o
LOAD BUILD/NRF52_DK/GCC_ARM_RX/mbed-os/platform/source/mbed_retarget.o
LOAD BUILD/NRF52_DK/GCC_ARM_RX/mbed-os/platform/source/mbed_rtc_time.o
LOAD BUILD/NRF52_DK/GCC_ARM_RX/mbed-os/platform/source/mbed_sdk_boot.o
LOAD BUILD/NRF52_DK/GCC_ARM_RX/mbed-os/platform/source/mbed_semihost_api.o
LOAD BUILD/NRF52_DK/GCC_ARM_RX/mbed-os/platform/source/mbed_stats.o
LOAD BUILD/NRF52_DK/GCC_ARM_RX/mbed-os/platform/source/mbed_thread.o
LOAD BUILD/NRF52_DK/GCC_ARM_RX/mbed-os/platform/source/mbed_wait_api_no_rtos.o
LOAD BUILD/NRF52_DK/GCC_ARM_RX/mbed-os/platform/source/mbed_wait_api_rtos.o
LOAD BUILD/NRF52_DK/GCC_ARM_RX/mbed-os/platform/source/minimal-printf/mbed_printf_armlink_overrides.o
LOAD BUILD/NRF52_DK/GCC_ARM_RX/mbed-os/platform/source/minimal-printf/mbed_printf_implementation.o
LOAD BUILD/NRF52_DK/GCC_ARM_RX/mbed-os/platform/source/minimal-printf/mbed_printf_wrapper.o
LOAD BUILD/NRF52_DK/GCC_ARM_RX/mbed-os/targets/TARGET_NORDIC/TARGET_NRF5x/TARGET_NRF52/PeripheralPinsDefault.o
LOAD BUILD/NRF52_DK/GCC_ARM_RX/mbed-os/targets/TARGET_NORDIC/TARGET_NRF5x/TARGET_NRF52/TARGET_MCU_NRF52832/PeripheralPins.o
LOAD BUILD/NRF52_DK/GCC_ARM_RX/mbed-os/targets/TARGET_NORDIC/TARGET_NRF5x/TARGET_NRF52/TARGET_MCU_NRF52832/device/TOOLCHAIN_GCC_ARM/startup_NRF52832.o
LOAD BUILD/NRF52_DK/GCC_ARM_RX/mbed-os/targets/TARGET_NORDIC/TARGET_NRF5x/TARGET_NRF52/TARGET_MCU_NRF52832/device/cmsis_nvic.o
LOAD BUILD/NRF52_DK/GCC_ARM_RX/mbed-os/targets/TARGET_NORDIC/TARGET_NRF5x/TARGET_NRF52/TARGET_MCU_NRF52832/device/system_nrf52.o
LOAD BUILD/NRF52_DK/GCC_ARM_RX/mbed-os/targets/TARGET_NORDIC/TARGET_NRF5x/TARGET_NRF52/analogin_api.o
LOAD BUILD/NRF52_DK/GCC_ARM_RX/mbed-os/targets/TARGET_NORDIC/TARGET_NRF5x/TARGET_NRF52/common_rtc.o
LOAD BUILD/NRF52_DK/GCC_ARM_RX/mbed-os/targets/TARGET_NORDIC/TARGET_NRF5x/TARGET_NRF52/critical_section_api.o
LOAD BUILD/NRF52_DK/GCC_ARM_RX/mbed-os/targets/TARGET_NORDIC/TARGET_NRF5x/TARGET_NRF52/flash_api.o
LOAD BUILD/NRF52_DK/GCC_ARM_RX/mbed-os/targets/TARGET_NORDIC/TARGET_NRF5x/TARGET_NRF52/gpio_api.o
LOAD BUILD/NRF52_DK/GCC_ARM_RX/mbed-os/targets/TARGET_NORDIC/TARGET_NRF5x/TARGET_NRF52/i2c_api.o
LOAD BUILD/NRF52_DK/GCC_ARM_RX/mbed-os/targets/TARGET_NORDIC/TARGET_NRF5x/TARGET_NRF52/itm_api.o
LOAD BUILD/NRF52_DK/GCC_ARM_RX/mbed-os/targets/TARGET_NORDIC/TARGET_NRF5x/TARGET_NRF52/object_owners.o
LOAD BUILD/NRF52_DK/GCC_ARM_RX/mbed-os/targets/TARGET_NORDIC/TARGET_NRF5x/TARGET_NRF52/pinmap_ex.o
LOAD BUILD/NRF52_DK/GCC_ARM_RX/mbed-os/targets/TARGET_NORDIC/TARGET_NRF5x/TARGET_NRF52/pwmout_api.o
LOAD BUILD/NRF52_DK/GCC_ARM_RX/mbed-os/targets/TARGET_NORDIC/TARGET_NRF5x/TARGET_NRF52/reloc_vector_table.o
LOAD BUILD/NRF52_DK/GCC_ARM_RX/mbed-os/targets/TARGET_NORDIC/TARGET_NRF5x/TARGET_NRF52/serial_api.o
LOAD BUILD/NRF52_DK/GCC_ARM_RX/mbed-os/targets/TARGET_NORDIC/TARGET_NRF5x/TARGET_NRF52/sleep.o
LOAD BUILD/NRF52_DK/GCC_ARM_RX/mbed-os/targets/TARGET_NORDIC/TARGET_NRF5x/TARGET_NRF52/spi_api.o
LOAD BUILD/NRF52_DK/GCC_ARM_RX/mbed-os/targets/TARGET_NORDIC/TARGET_NRF5x/TARGET_NRF52/trng_api.o
LOAD BUILD/NRF52_DK/GCC_ARM_RX/mbed-os/targets/TARGET_NORDIC/TARGET_NRF5x/TARGET_NRF52/us_ticker.o
LOAD BUILD/NRF52_DK/GCC_ARM_RX/mbed-os/targets/TARGET_NORDIC/TARGET_NRF5x/TARGET_NRF52/watchdog_api.o
LOAD BUILD/NRF52_DK/GCC_ARM_RX/mbed-os/targets/TARGET_NORDIC/TARGET_NRF5x/TARGET_SDK_15_0/TARGET_SOFTDEVICE_NONE/libraries/fstorage/nrf_fstorage_nvmc.o
LOAD BUILD/NRF52_DK/GCC_ARM_RX/mbed-os/targets/TARGET_NORDIC/TARGET_NRF5x/TARGET_SDK_15_0/TARGET_SOFTDEVICE_NONE/nrf_soc_nosd/nrf_nvic.o
LOAD BUILD/NRF52_DK/GCC_ARM_RX/mbed-os/targets/TARGET_NORDIC/TARGET_NRF5x/TARGET_SDK_15_0/TARGET_SOFTDEVICE_NONE/nrf_soc_nosd/nrf_soc.o
LOAD BUILD/NRF52_DK/GCC_ARM_RX/mbed-os/targets/TARGET_NORDIC/TARGET_NRF5x/TARGET_SDK_15_0/components/libraries/atomic/nrf_atomic.o
LOAD BUILD/NRF52_DK/GCC_ARM_RX/mbed-os/targets/TARGET_NORDIC/TARGET_NRF5x/TARGET_SDK_15_0/components/libraries/atomic_fifo/nrf_atfifo.o
LOAD BUILD/NRF52_DK/GCC_ARM_RX/mbed-os/targets/TARGET_NORDIC/TARGET_NRF5x/TARGET_SDK_15_0/components/libraries/balloc/nrf_balloc.o
LOAD BUILD/NRF52_DK/GCC_ARM_RX/mbed-os/targets/TARGET_NORDIC/TARGET_NRF5x/TARGET_SDK_15_0/components/libraries/experimental_log/src/nrf_log_backend_flash.o
LOAD BUILD/NRF52_DK/GCC_ARM_RX/mbed-os/targets/TARGET_NORDIC/TARGET_NRF5x/TARGET_SDK_15_0/components/libraries/experimental_log/src/nrf_log_backend_rtt.o
LOAD BUILD/NRF52_DK/GCC_ARM_RX/mbed-os/targets/TARGET_NORDIC/TARGET_NRF5x/TARGET_SDK_15_0/components/libraries/experimental_log/src/nrf_log_backend_serial.o
LOAD BUILD/NRF52_DK/GCC_ARM_RX/mbed-os/targets/TARGET_NORDIC/TARGET_NRF5x/TARGET_SDK_15_0/components/libraries/experimental_log/src/nrf_log_backend_uart.o
LOAD BUILD/NRF52_DK/GCC_ARM_RX/mbed-os/targets/TARGET_NORDIC/TARGET_NRF5x/TARGET_SDK_15_0/components/libraries/experimental_log/src/nrf_log_default_backends.o
LOAD BUILD/NRF52_DK/GCC_ARM_RX/mbed-os/targets/TARGET_NORDIC/TARGET_NRF5x/TARGET_SDK_15_0/components/libraries/experimental_log/src/nrf_log_frontend.o
LOAD BUILD/NRF52_DK/GCC_ARM_RX/mbed-os/targets/TARGET_NORDIC/TARGET_NRF5x/TARGET_SDK_15_0/components/libraries/experimental_log/src/nrf_log_str_formatter.o
LOAD BUILD/NRF52_DK/GCC_ARM_RX/mbed-os/targets/TARGET_NORDIC/TARGET_NRF5x/TARGET_SDK_15_0/components/libraries/experimental_memobj/nrf_memobj.o
LOAD BUILD/NRF52_DK/GCC_ARM_RX/mbed-os/targets/TARGET_NORDIC/TARGET_NRF5x/TARGET_SDK_15_0/components/libraries/experimental_section_vars/nrf_section_iter.o
LOAD BUILD/NRF52_DK/GCC_ARM_RX/mbed-os/targets/TARGET_NORDIC/TARGET_NRF5x/TARGET_SDK_15_0/components/libraries/fds/fds.o
LOAD BUILD/NRF52_DK/GCC_ARM_RX/mbed-os/targets/TARGET_NORDIC/TARGET_NRF5x/TARGET_SDK_15_0/components/libraries/fstorage/nrf_fstorage.o
LOAD BUILD/NRF52_DK/GCC_ARM_RX/mbed-os/targets/TARGET_NORDIC/TARGET_NRF5x/TARGET_SDK_15_0/components/libraries/queue/nrf_queue.o
LOAD BUILD/NRF52_DK/GCC_ARM_RX/mbed-os/targets/TARGET_NORDIC/TARGET_NRF5x/TARGET_SDK_15_0/components/libraries/spi_mngr/nrf_spi_mngr.o
LOAD BUILD/NRF52_DK/GCC_ARM_RX/mbed-os/targets/TARGET_NORDIC/TARGET_NRF5x/TARGET_SDK_15_0/components/libraries/strerror/nrf_strerror.o
LOAD BUILD/NRF52_DK/GCC_ARM_RX/mbed-os/targets/TARGET_NORDIC/TARGET_NRF5x/TARGET_SDK_15_0/components/libraries/twi_mngr/nrf_twi_mngr.o
LOAD BUILD/NRF52_DK/GCC_ARM_RX/mbed-os/targets/TARGET_NORDIC/TARGET_NRF5x/TARGET_SDK_15_0/components/libraries/util/app_error.o
LOAD BUILD/NRF52_DK/GCC_ARM_RX/mbed-os/targets/TARGET_NORDIC/TARGET_NRF5x/TARGET_SDK_15_0/components/libraries/util/app_error_handler_gcc.o
LOAD BUILD/NRF52_DK/GCC_ARM_RX/mbed-os/targets/TARGET_NORDIC/TARGET_NRF5x/TARGET_SDK_15_0/components/libraries/util/app_error_handler_iar.o
LOAD BUILD/NRF52_DK/GCC_ARM_RX/mbed-os/targets/TARGET_NORDIC/TARGET_NRF5x/TARGET_SDK_15_0/components/libraries/util/app_error_handler_keil.o
LOAD BUILD/NRF52_DK/GCC_ARM_RX/mbed-os/targets/TARGET_NORDIC/TARGET_NRF5x/TARGET_SDK_15_0/components/libraries/util/app_error_weak.o
LOAD BUILD/NRF52_DK/GCC_ARM_RX/mbed-os/targets/TARGET_NORDIC/TARGET_NRF5x/TARGET_SDK_15_0/components/libraries/util/app_util_platform.o
LOAD BUILD/NRF52_DK/GCC_ARM_RX/mbed-os/targets/TARGET_NORDIC/TARGET_NRF5x/TARGET_SDK_15_0/components/libraries/util/nrf_assert.o
LOAD BUILD/NRF52_DK/GCC_ARM_RX/mbed-os/targets/TARGET_NORDIC/TARGET_NRF5x/TARGET_SDK_15_0/components/libraries/util/sdk_mapped_flags.o
LOAD BUILD/NRF52_DK/GCC_ARM_RX/mbed-os/targets/TARGET_NORDIC/TARGET_NRF5x/TARGET_SDK_15_0/integration/nrfx/legacy/ble_flash/ble_flash.o
LOAD BUILD/NRF52_DK/GCC_ARM_RX/mbed-os/targets/TARGET_NORDIC/TARGET_NRF5x/TARGET_SDK_15_0/integration/nrfx/legacy/nrf_drv_rng.o
LOAD BUILD/NRF52_DK/GCC_ARM_RX/mbed-os/targets/TARGET_NORDIC/TARGET_NRF5x/TARGET_SDK_15_0/integration/nrfx/legacy/nrf_drv_usbd.o
LOAD BUILD/NRF52_DK/GCC_ARM_RX/mbed-os/targets/TARGET_NORDIC/TARGET_NRF5x/TARGET_SDK_15_0/modules/nrfx/drivers/src/nrfx_adc.o
LOAD BUILD/NRF52_DK/GCC_ARM_RX/mbed-os/targets/TARGET_NORDIC/TARGET_NRF5x/TARGET_SDK_15_0/modules/nrfx/drivers/src/nrfx_clock.o
LOAD BUILD/NRF52_DK/GCC_ARM_RX/mbed-os/targets/TARGET_NORDIC/TARGET_NRF5x/TARGET_SDK_15_0/modules/nrfx/drivers/src/nrfx_comp.o
LOAD BUILD/NRF52_DK/GCC_ARM_RX/mbed-os/targets/TARGET_NORDIC/TARGET_NRF5x/TARGET_SDK_15_0/modules/nrfx/drivers/src/nrfx_gpiote.o
LOAD BUILD/NRF52_DK/GCC_ARM_RX/mbed-os/targets/TARGET_NORDIC/TARGET_NRF5x/TARGET_SDK_15_0/modules/nrfx/drivers/src/nrfx_i2s.o
LOAD BUILD/NRF52_DK/GCC_ARM_RX/mbed-os/targets/TARGET_NORDIC/TARGET_NRF5x/TARGET_SDK_15_0/modules/nrfx/drivers/src/nrfx_lpcomp.o
LOAD BUILD/NRF52_DK/GCC_ARM_RX/mbed-os/targets/TARGET_NORDIC/TARGET_NRF5x/TARGET_SDK_15_0/modules/nrfx/drivers/src/nrfx_pdm.o
LOAD BUILD/NRF52_DK/GCC_ARM_RX/mbed-os/targets/TARGET_NORDIC/TARGET_NRF5x/TARGET_SDK_15_0/modules/nrfx/drivers/src/nrfx_power.o
LOAD BUILD/NRF52_DK/GCC_ARM_RX/mbed-os/targets/TARGET_NORDIC/TARGET_NRF5x/TARGET_SDK_15_0/modules/nrfx/drivers/src/nrfx_power_clock.o
LOAD BUILD/NRF52_DK/GCC_ARM_RX/mbed-os/targets/TARGET_NORDIC/TARGET_NRF5x/TARGET_SDK_15_0/modules/nrfx/drivers/src/nrfx_ppi.o
LOAD BUILD/NRF52_DK/GCC_ARM_RX/mbed-os/targets/TARGET_NORDIC/TARGET_NRF5x/TARGET_SDK_15_0/modules/nrfx/drivers/src/nrfx_pwm.o
LOAD BUILD/NRF52_DK/GCC_ARM_RX/mbed-os/targets/TARGET_NORDIC/TARGET_NRF5x/TARGET_SDK_15_0/modules/nrfx/drivers/src/nrfx_qdec.o
LOAD BUILD/NRF52_DK/GCC_ARM_RX/mbed-os/targets/TARGET_NORDIC/TARGET_NRF5x/TARGET_SDK_15_0/modules/nrfx/drivers/src/nrfx_qspi.o
LOAD BUILD/NRF52_DK/GCC_ARM_RX/mbed-os/targets/TARGET_NORDIC/TARGET_NRF5x/TARGET_SDK_15_0/modules/nrfx/drivers/src/nrfx_rng.o
LOAD BUILD/NRF52_DK/GCC_ARM_RX/mbed-os/targets/TARGET_NORDIC/TARGET_NRF5x/TARGET_SDK_15_0/modules/nrfx/drivers/src/nrfx_rtc.o
LOAD BUILD/NRF52_DK/GCC_ARM_RX/mbed-os/targets/TARGET_NORDIC/TARGET_NRF5x/TARGET_SDK_15_0/modules/nrfx/drivers/src/nrfx_saadc.o
LOAD BUILD/NRF52_DK/GCC_ARM_RX/mbed-os/targets/TARGET_NORDIC/TARGET_NRF5x/TARGET_SDK_15_0/modules/nrfx/drivers/src/nrfx_spi.o
LOAD BUILD/NRF52_DK/GCC_ARM_RX/mbed-os/targets/TARGET_NORDIC/TARGET_NRF5x/TARGET_SDK_15_0/modules/nrfx/drivers/src/nrfx_spim.o
LOAD BUILD/NRF52_DK/GCC_ARM_RX/mbed-os/targets/TARGET_NORDIC/TARGET_NRF5x/TARGET_SDK_15_0/modules/nrfx/drivers/src/nrfx_spis.o
LOAD BUILD/NRF52_DK/GCC_ARM_RX/mbed-os/targets/TARGET_NORDIC/TARGET_NRF5x/TARGET_SDK_15_0/modules/nrfx/drivers/src/nrfx_swi.o
LOAD BUILD/NRF52_DK/GCC_ARM_RX/mbed-os/targets/TARGET_NORDIC/TARGET_NRF5x/TARGET_SDK_15_0/modules/nrfx/drivers/src/nrfx_systick.o
LOAD BUILD/NRF52_DK/GCC_ARM_RX/mbed-os/targets/TARGET_NORDIC/TARGET_NRF5x/TARGET_SDK_15_0/modules/nrfx/drivers/src/nrfx_timer.o
LOAD BUILD/NRF52_DK/GCC_ARM_RX/mbed-os/targets/TARGET_NORDIC/TARGET_NRF5x/TARGET_SDK_15_0/modules/nrfx/drivers/src/nrfx_twi.o
LOAD BUILD/NRF52_DK/GCC_ARM_RX/mbed-os/targets/TARGET_NORDIC/TARGET_NRF5x/TARGET_SDK_15_0/modules/nrfx/drivers/src/nrfx_twim.o
LOAD BUILD/NRF52_DK/GCC_ARM_RX/mbed-os/targets/TARGET_NORDIC/TARGET_NRF5x/TARGET_SDK_15_0/modules/nrfx/drivers/src/nrfx_twis.o
LOAD BUILD/NRF52_DK/GCC_ARM_RX/mbed-os/targets/TARGET_NORDIC/TARGET_NRF5x/TARGET_SDK_15_0/modules/nrfx/drivers/src/nrfx_uart.o
LOAD BUILD/NRF52_DK/GCC_ARM_RX/mbed-os/targets/TARGET_NORDIC/TARGET_NRF5x/TARGET_SDK_15_0/modules/nrfx/drivers/src/nrfx_uarte.o
LOAD BUILD/NRF52_DK/GCC_ARM_RX/mbed-os/targets/TARGET_NORDIC/TARGET_NRF5x/TARGET_SDK_15_0/modules/nrfx/drivers/src/nrfx_wdt.o
LOAD BUILD/NRF52_DK/GCC_ARM_RX/mbed-os/targets/TARGET_NORDIC/TARGET_NRF5x/TARGET_SDK_15_0/modules/nrfx/drivers/src/prs/nrfx_prs.o
LOAD BUILD/NRF52_DK/GCC_ARM_RX/mbed-os/targets/TARGET_NORDIC/TARGET_NRF5x/TARGET_SDK_15_0/modules/nrfx/hal/nrf_ecb.o
LOAD BUILD/NRF52_DK/GCC_ARM_RX/mbed-os/targets/TARGET_NORDIC/TARGET_NRF5x/TARGET_SDK_15_0/modules/nrfx/hal/nrf_nvmc.o
LOAD BUILD/NRF52_DK/GCC_ARM_RX/mbed-os/targets/TARGET_NORDIC/TARGET_NRF5x/TARGET_SDK_15_0/modules/softdevice/common/nrf_sdh.o
LOAD BUILD/NRF52_DK/GCC_ARM_RX/mbed-os/targets/TARGET_NORDIC/TARGET_NRF5x/TARGET_SDK_15_0/modules/softdevice/common/nrf_sdh_ant.o
LOAD BUILD/NRF52_DK/GCC_ARM_RX/mbed-os/targets/TARGET_NORDIC/TARGET_NRF5x/TARGET_SDK_15_0/modules/softdevice/common/nrf_sdh_ble.o
LOAD BUILD/NRF52_DK/GCC_ARM_RX/mbed-os/targets/TARGET_NORDIC/TARGET_NRF5x/TARGET_SDK_15_0/modules/softdevice/common/nrf_sdh_soc.o
LOAD BUILD/NRF52_DK/GCC_ARM_RX/mbed-os/targets/TARGET_NORDIC/TARGET_NRF5x/lp_ticker.o
LOAD BUILD/NRF52_DK/GCC_ARM_RX/mbed-os/targets/TARGET_NORDIC/TARGET_NRF5x/pinmap.o
LOAD BUILD/NRF52_DK/GCC_ARM_RX/mbed-os/targets/TARGET_NORDIC/TARGET_NRF5x/port_api.o
LOAD BUILD/NRF52_DK/GCC_ARM_RX/mbed-os/targets/TARGET_NORDIC/TARGET_NRF5x/qspi_api.o
LOAD BUILD/NRF52_DK/GCC_ARM_RX/mbed-os/targets/TARGET_NORDIC/TARGET_NRF5x/rtc_api.o
LOAD BUILD/NRF52_DK/GCC_ARM_RX/nlib/StringSerial/stringserial.o
LOAD BUILD/NRF52_DK/GCC_ARM_RX/nlib/fifo.o
LOAD BUILD/NRF52_DK/GCC_ARM_RX/nlib/nRF5xRadio/nRFBareRadio/nRFBareRadio.o
LOAD BUILD/NRF52_DK/GCC_ARM_RX/nlib/nRF5xRadio/nrf5xradio.o
LOAD BUILD/NRF52_DK/GCC_ARM_RX/nlib/nworkbench.o
START GROUP
LOAD c:/program files (x86)/gnu tools arm embedded/9 2019-q4-major/bin/../lib/gcc/arm-none-eabi/9.2.1/../../../../arm-none-eabi/lib/thumb/v7e-m+fp/softfp\libstdc++.a
LOAD c:/program files (x86)/gnu tools arm embedded/9 2019-q4-major/bin/../lib/gcc/arm-none-eabi/9.2.1/../../../../arm-none-eabi/lib/thumb/v7e-m+fp/softfp\libsupc++.a
LOAD c:/program files (x86)/gnu tools arm embedded/9 2019-q4-major/bin/../lib/gcc/arm-none-eabi/9.2.1/../../../../arm-none-eabi/lib/thumb/v7e-m+fp/softfp\libm.a
LOAD c:/program files (x86)/gnu tools arm embedded/9 2019-q4-major/bin/../lib/gcc/arm-none-eabi/9.2.1/../../../../arm-none-eabi/lib/thumb/v7e-m+fp/softfp\libc.a
LOAD c:/program files (x86)/gnu tools arm embedded/9 2019-q4-major/bin/../lib/gcc/arm-none-eabi/9.2.1/thumb/v7e-m+fp/softfp\libgcc.a
LOAD c:/program files (x86)/gnu tools arm embedded/9 2019-q4-major/bin/../lib/gcc/arm-none-eabi/9.2.1/../../../../arm-none-eabi/lib/thumb/v7e-m+fp/softfp\libnosys.a
END GROUP
LOAD c:/program files (x86)/gnu tools arm embedded/9 2019-q4-major/bin/../lib/gcc/arm-none-eabi/9.2.1/../../../../arm-none-eabi/lib/thumb/v7e-m+fp/softfp\libstdc++.a
LOAD c:/program files (x86)/gnu tools arm embedded/9 2019-q4-major/bin/../lib/gcc/arm-none-eabi/9.2.1/../../../../arm-none-eabi/lib/thumb/v7e-m+fp/softfp\libsupc++.a
LOAD c:/program files (x86)/gnu tools arm embedded/9 2019-q4-major/bin/../lib/gcc/arm-none-eabi/9.2.1/../../../../arm-none-eabi/lib/thumb/v7e-m+fp/softfp\libm.a
LOAD c:/program files (x86)/gnu tools arm embedded/9 2019-q4-major/bin/../lib/gcc/arm-none-eabi/9.2.1/../../../../arm-none-eabi/lib/thumb/v7e-m+fp/softfp\libc.a
LOAD c:/program files (x86)/gnu tools arm embedded/9 2019-q4-major/bin/../lib/gcc/arm-none-eabi/9.2.1/thumb/v7e-m+fp/softfp\libgcc.a
LOAD c:/program files (x86)/gnu tools arm embedded/9 2019-q4-major/bin/../lib/gcc/arm-none-eabi/9.2.1/../../../../arm-none-eabi/lib/thumb/v7e-m+fp/softfp\libnosys.a
START GROUP
LOAD c:/program files (x86)/gnu tools arm embedded/9 2019-q4-major/bin/../lib/gcc/arm-none-eabi/9.2.1/thumb/v7e-m+fp/softfp\libgcc.a
LOAD c:/program files (x86)/gnu tools arm embedded/9 2019-q4-major/bin/../lib/gcc/arm-none-eabi/9.2.1/../../../../arm-none-eabi/lib/thumb/v7e-m+fp/softfp\libc.a
END GROUP
LOAD c:/program files (x86)/gnu tools arm embedded/9 2019-q4-major/bin/../lib/gcc/arm-none-eabi/9.2.1/thumb/v7e-m+fp/softfp/crtend.o
LOAD c:/program files (x86)/gnu tools arm embedded/9 2019-q4-major/bin/../lib/gcc/arm-none-eabi/9.2.1/thumb/v7e-m+fp/softfp/crtn.o

.text           0x00000000     0xdcc0
 *(.Vectors)
 .Vectors       0x00000000       0xdc BUILD/NRF52_DK/GCC_ARM_RX/mbed-os/targets/TARGET_NORDIC/TARGET_NRF5x/TARGET_NRF52/TARGET_MCU_NRF52832/device/TOOLCHAIN_GCC_ARM/startup_NRF52832.o
                0x00000000                __Vectors
 *(.text*)
 .text          0x000000dc       0x40 c:/program files (x86)/gnu tools arm embedded/9 2019-q4-major/bin/../lib/gcc/arm-none-eabi/9.2.1/thumb/v7e-m+fp/softfp/crtbegin.o
 .text          0x0000011c       0x74 c:/program files (x86)/gnu tools arm embedded/9 2019-q4-major/bin/../lib/gcc/arm-none-eabi/9.2.1/../../../../arm-none-eabi/lib/thumb/v7e-m+fp/softfp/crt0.o
                0x0000011c                _start
                0x0000011c                _mainCRTStartup
 .text.startup.main
                0x00000190        0xc BUILD/NRF52_DK/GCC_ARM_RX/main.o
                0x00000190                main
 .text._ZN4mbed6SerialD2Ev
                0x0000019c       0x38 BUILD/NRF52_DK/GCC_ARM_RX/main.o
                0x0000019c                mbed::Serial::~Serial()
                0x0000019c                mbed::Serial::~Serial()
                0x000001c8                non-virtual thunk to mbed::Serial::~Serial()
                0x000001ce                non-virtual thunk to mbed::Serial::~Serial()
 .text._ZN19nBlock_StringSerialD2Ev
                0x000001d4       0x18 BUILD/NRF52_DK/GCC_ARM_RX/main.o
                0x000001d4                nBlock_StringSerial::~nBlock_StringSerial()
                0x000001d4                nBlock_StringSerial::~nBlock_StringSerial()
 .text._ZN4mbed6SerialD0Ev
                0x000001ec       0x22 BUILD/NRF52_DK/GCC_ARM_RX/main.o
                0x000001ec                mbed::Serial::~Serial()
                0x00000202                non-virtual thunk to mbed::Serial::~Serial()
                0x00000208                non-virtual thunk to mbed::Serial::~Serial()
 *fill*         0x0000020e        0x2 
 .text.startup._GLOBAL__sub_I_nb_nBlockNode0_nRF5xRadio
                0x00000210       0x68 BUILD/NRF52_DK/GCC_ARM_RX/main.o
 .text._ZNK12SingletonPtrI13PlatformMutexE3getEv
                0x00000278       0x2c BUILD/NRF52_DK/GCC_ARM_RX/mbed-os/drivers/source/AnalogIn.o
                0x00000278                SingletonPtr<PlatformMutex>::get() const
 .text._ZN4mbed8CallbackIFviEED2Ev
                0x000002a4       0x10 BUILD/NRF52_DK/GCC_ARM_RX/mbed-os/drivers/source/I2C.o
                0x000002a4                mbed::Callback<void (int)>::~Callback()
                0x000002a4                mbed::Callback<void (int)>::~Callback()
 .text._ZN4mbed8CallbackIFvvEE13function_callIPS1_EEvPKv
                0x000002b4        0x4 BUILD/NRF52_DK/GCC_ARM_RX/mbed-os/drivers/source/InterruptIn.o
                0x000002b4                void mbed::Callback<void ()>::function_call<void (*)()>(void const*)
 .text._ZN4mbed8CallbackIFvvEE13function_moveIPS1_EEvPvPKv
                0x000002b8        0x6 BUILD/NRF52_DK/GCC_ARM_RX/mbed-os/drivers/source/InterruptIn.o
                0x000002b8                void mbed::Callback<void ()>::function_move<void (*)()>(void*, void const*)
 .text._ZN4mbed8CallbackIFvvEE13function_dtorIPS1_EEvPv
                0x000002be        0x2 BUILD/NRF52_DK/GCC_ARM_RX/mbed-os/drivers/source/InterruptIn.o
                0x000002be                void mbed::Callback<void ()>::function_dtor<void (*)()>(void*)
 .text._ZN4mbed8CallbackIFvvEED2Ev
                0x000002c0       0x10 BUILD/NRF52_DK/GCC_ARM_RX/mbed-os/drivers/source/InterruptIn.o
                0x000002c0                mbed::Callback<void ()>::~Callback()
                0x000002c0                mbed::Callback<void ()>::~Callback()
 .text._ZN4mbed8CallbackIFvvEEaSERKS2_
                0x000002d0       0x2c BUILD/NRF52_DK/GCC_ARM_RX/mbed-os/drivers/source/InterruptIn.o
                0x000002d0                mbed::Callback<void ()>::operator=(mbed::Callback<void ()> const&)
 .text._ZNK4mbed8CallbackIFvvEE4callEv
                0x000002fc       0x24 BUILD/NRF52_DK/GCC_ARM_RX/mbed-os/drivers/source/InterruptIn.o
                0x000002fc                mbed::Callback<void ()>::call() const
 .text._ZN4mbed10FileHandle8truncateEl
                0x00000320        0x6 BUILD/NRF52_DK/GCC_ARM_RX/mbed-os/drivers/source/Serial.o
                0x00000320                mbed::FileHandle::truncate(long)
 .text._ZN4mbed10FileHandle5lseekEli
                0x00000326        0x6 BUILD/NRF52_DK/GCC_ARM_RX/mbed-os/drivers/source/Serial.o
                0x00000326                mbed::FileHandle::lseek(long, int)
 .text._ZN4mbed10FileHandle5fsyncEv
                0x0000032c        0x6 BUILD/NRF52_DK/GCC_ARM_RX/mbed-os/drivers/source/Serial.o
                0x0000032c                mbed::FileHandle::fsync()
 .text._ZN4mbed10FileHandle4flenEv
                0x00000332        0x6 BUILD/NRF52_DK/GCC_ARM_RX/mbed-os/drivers/source/Serial.o
                0x00000332                mbed::FileHandle::flen()
 .text._ZN4mbed10FileHandle12set_blockingEb
                0x00000338        0xc BUILD/NRF52_DK/GCC_ARM_RX/mbed-os/drivers/source/Serial.o
                0x00000338                mbed::FileHandle::set_blocking(bool)
 .text._ZNK4mbed10FileHandle11is_blockingEv
                0x00000344        0x4 BUILD/NRF52_DK/GCC_ARM_RX/mbed-os/drivers/source/Serial.o
                0x00000344                mbed::FileHandle::is_blocking() const
 .text._ZN4mbed10FileHandle12enable_inputEb
                0x00000348        0x6 BUILD/NRF52_DK/GCC_ARM_RX/mbed-os/drivers/source/Serial.o
                0x00000348                mbed::FileHandle::enable_input(bool)
 .text._ZN4mbed10FileHandle13enable_outputEb
                0x0000034e        0x6 BUILD/NRF52_DK/GCC_ARM_RX/mbed-os/drivers/source/Serial.o
                0x0000034e                mbed::FileHandle::enable_output(bool)
 .text._ZNK4mbed10FileHandle4pollEs
                0x00000354        0x4 BUILD/NRF52_DK/GCC_ARM_RX/mbed-os/drivers/source/Serial.o
                0x00000354                mbed::FileHandle::poll(short) const
 .text._ZN4mbed10FileHandle5sigioENS_8CallbackIFvvEEE
                0x00000358        0x2 BUILD/NRF52_DK/GCC_ARM_RX/mbed-os/drivers/source/Serial.o
                0x00000358                mbed::FileHandle::sigio(mbed::Callback<void ()>)
 .text._ZN4mbed6Serial4lockEv
                0x0000035a        0x2 BUILD/NRF52_DK/GCC_ARM_RX/mbed-os/drivers/source/Serial.o
                0x0000035a                mbed::Serial::unlock()
                0x0000035a                mbed::Serial::lock()
 .text._ZN4mbed6Serial5_getcEv
                0x0000035c        0x4 BUILD/NRF52_DK/GCC_ARM_RX/mbed-os/drivers/source/Serial.o
                0x0000035c                mbed::Serial::_getc()
 .text._ZThn252_N4mbed6Serial5_getcEv
                0x00000360        0x8 BUILD/NRF52_DK/GCC_ARM_RX/mbed-os/drivers/source/Serial.o
                0x00000360                non-virtual thunk to mbed::Serial::_getc()
 .text._ZN4mbed6Serial5_putcEi
                0x00000368        0x4 BUILD/NRF52_DK/GCC_ARM_RX/mbed-os/drivers/source/Serial.o
                0x00000368                mbed::Serial::_putc(int)
 .text._ZThn252_N4mbed6Serial5_putcEi
                0x0000036c        0x8 BUILD/NRF52_DK/GCC_ARM_RX/mbed-os/drivers/source/Serial.o
                0x0000036c                non-virtual thunk to mbed::Serial::_putc(int)
 .text._ZThn252_N4mbed6Serial6unlockEv
                0x00000374        0x2 BUILD/NRF52_DK/GCC_ARM_RX/mbed-os/drivers/source/Serial.o
                0x00000374                non-virtual thunk to mbed::Serial::unlock()
 .text._ZThn252_N4mbed6Serial4lockEv
                0x00000376        0x2 BUILD/NRF52_DK/GCC_ARM_RX/mbed-os/drivers/source/Serial.o
                0x00000376                non-virtual thunk to mbed::Serial::lock()
 .text._ZN4mbed6SerialC2E7PinNameS1_PKci
                0x00000378       0x34 BUILD/NRF52_DK/GCC_ARM_RX/mbed-os/drivers/source/Serial.o
                0x00000378                mbed::Serial::Serial(PinName, PinName, char const*, int)
                0x00000378                mbed::Serial::Serial(PinName, PinName, char const*, int)
 .text._ZN4mbed10SerialBase4lockEv
                0x000003ac        0x2 BUILD/NRF52_DK/GCC_ARM_RX/mbed-os/drivers/source/SerialBase.o
                0x000003ac                mbed::SerialBase::lock()
                0x000003ac                mbed::SerialBase::unlock()
 .text._ZN6CThunkIN4mbed10SerialBaseEE10trampolineEP10CThunkBase
                0x000003ae       0x2a BUILD/NRF52_DK/GCC_ARM_RX/mbed-os/drivers/source/SerialBase.o
                0x000003ae                CThunk<mbed::SerialBase>::trampoline(CThunkBase*)
 .text._ZN4mbed10SerialBase5_initEv
                0x000003d8       0x5c BUILD/NRF52_DK/GCC_ARM_RX/mbed-os/drivers/source/SerialBase.o
                0x000003d8                mbed::SerialBase::_init()
 .text._ZN4mbed10SerialBase8readableEv
                0x00000434       0x22 BUILD/NRF52_DK/GCC_ARM_RX/mbed-os/drivers/source/SerialBase.o
                0x00000434                mbed::SerialBase::readable()
 .text._ZN4mbed10SerialBase10_base_getcEv
                0x00000456        0x6 BUILD/NRF52_DK/GCC_ARM_RX/mbed-os/drivers/source/SerialBase.o
                0x00000456                mbed::SerialBase::_base_getc()
 .text._ZN4mbed10SerialBase10_base_putcEi
                0x0000045c        0xe BUILD/NRF52_DK/GCC_ARM_RX/mbed-os/drivers/source/SerialBase.o
                0x0000045c                mbed::SerialBase::_base_putc(int)
 *fill*         0x0000046a        0x2 
 .text._ZN4mbed10SerialBaseC2E7PinNameS1_i
                0x0000046c       0xf8 BUILD/NRF52_DK/GCC_ARM_RX/mbed-os/drivers/source/SerialBase.o
                0x0000046c                mbed::SerialBase::SerialBase(PinName, PinName, int)
                0x0000046c                mbed::SerialBase::SerialBase(PinName, PinName, int)
 .text._ZN4mbed10SerialBase6attachENS_8CallbackIFvvEEENS0_7IrqTypeE
                0x00000564       0x8e BUILD/NRF52_DK/GCC_ARM_RX/mbed-os/drivers/source/SerialBase.o
                0x00000564                mbed::SerialBase::attach(mbed::Callback<void ()>, mbed::SerialBase::IrqType)
 *fill*         0x000005f2        0x2 
 .text._ZN4mbed10SerialBaseD2Ev
                0x000005f4       0x70 BUILD/NRF52_DK/GCC_ARM_RX/mbed-os/drivers/source/SerialBase.o
                0x000005f4                mbed::SerialBase::~SerialBase()
                0x000005f4                mbed::SerialBase::~SerialBase()
 .text._ZN4mbed10SerialBaseD0Ev
                0x00000664       0x14 BUILD/NRF52_DK/GCC_ARM_RX/mbed-os/drivers/source/SerialBase.o
                0x00000664                mbed::SerialBase::~SerialBase()
 .text._ZN4mbed10SerialBase12_irq_handlerEm9SerialIrq
                0x00000678       0x12 BUILD/NRF52_DK/GCC_ARM_RX/mbed-os/drivers/source/SerialBase.o
                0x00000678                mbed::SerialBase::_irq_handler(unsigned long, SerialIrq)
 .text._ZN4mbed6Ticker7handlerEv
                0x0000068a       0x28 BUILD/NRF52_DK/GCC_ARM_RX/mbed-os/drivers/source/Ticker.o
                0x0000068a                mbed::Ticker::handler()
 *fill*         0x000006b2        0x2 
 .text._ZN4mbed6TickerC2Ev
                0x000006b4       0x30 BUILD/NRF52_DK/GCC_ARM_RX/mbed-os/drivers/source/Ticker.o
                0x000006b4                mbed::Ticker::Ticker()
                0x000006b4                mbed::Ticker::Ticker()
 .text._ZN4mbed6Ticker5setupEy
                0x000006e4       0x30 BUILD/NRF52_DK/GCC_ARM_RX/mbed-os/drivers/source/Ticker.o
                0x000006e4                mbed::Ticker::setup(unsigned long long)
 .text._ZN4mbed8CallbackIFvvEEC2ERKS2_
                0x00000714       0x22 BUILD/NRF52_DK/GCC_ARM_RX/mbed-os/drivers/source/Ticker.o
                0x00000714                mbed::Callback<void ()>::Callback(mbed::Callback<void ()> const&)
                0x00000714                mbed::Callback<void ()>::Callback(mbed::Callback<void ()> const&)
 .text._ZN4mbed6Ticker6detachEv
                0x00000736       0x44 BUILD/NRF52_DK/GCC_ARM_RX/mbed-os/drivers/source/Ticker.o
                0x00000736                mbed::Ticker::detach()
 *fill*         0x0000077a        0x2 
 .text._ZN4mbed6TickerD2Ev
                0x0000077c       0x24 BUILD/NRF52_DK/GCC_ARM_RX/mbed-os/drivers/source/Ticker.o
                0x0000077c                mbed::Ticker::~Ticker()
                0x0000077c                mbed::Ticker::~Ticker()
 .text._ZN4mbed6TickerD0Ev
                0x000007a0       0x14 BUILD/NRF52_DK/GCC_ARM_RX/mbed-os/drivers/source/Ticker.o
                0x000007a0                mbed::Ticker::~Ticker()
 .text._ZN4mbed6Ticker9attach_usENS_8CallbackIFvvEEEy
                0x000007b4       0x46 BUILD/NRF52_DK/GCC_ARM_RX/mbed-os/drivers/source/Ticker.o
                0x000007b4                mbed::Ticker::attach_us(mbed::Callback<void ()>, unsigned long long)
 .text._ZN4mbed10TimerEvent3irqEm
                0x000007fa        0x6 BUILD/NRF52_DK/GCC_ARM_RX/mbed-os/drivers/source/TimerEvent.o
                0x000007fa                mbed::TimerEvent::irq(unsigned long)
 .text._ZN4mbed10TimerEventC2Ev
                0x00000800       0x30 BUILD/NRF52_DK/GCC_ARM_RX/mbed-os/drivers/source/TimerEvent.o
                0x00000800                mbed::TimerEvent::TimerEvent()
                0x00000800                mbed::TimerEvent::TimerEvent()
 .text._ZN4mbed10TimerEvent15insert_absoluteEy
                0x00000830       0x14 BUILD/NRF52_DK/GCC_ARM_RX/mbed-os/drivers/source/TimerEvent.o
                0x00000830                mbed::TimerEvent::insert_absolute(unsigned long long)
 .text._ZN4mbed10TimerEvent6removeEv
                0x00000844        0xa BUILD/NRF52_DK/GCC_ARM_RX/mbed-os/drivers/source/TimerEvent.o
                0x00000844                mbed::TimerEvent::remove()
 *fill*         0x0000084e        0x2 
 .text._ZN4mbed10TimerEventD2Ev
                0x00000850       0x14 BUILD/NRF52_DK/GCC_ARM_RX/mbed-os/drivers/source/TimerEvent.o
                0x00000850                mbed::TimerEvent::~TimerEvent()
                0x00000850                mbed::TimerEvent::~TimerEvent()
 .text._ZN4mbed10FileHandle4tellEv
                0x00000864        0xa BUILD/NRF52_DK/GCC_ARM_RX/mbed-os/drivers/source/UARTSerial.o
                0x00000864                mbed::FileHandle::tell()
 .text._ZN4mbed10FileHandle6rewindEv
                0x0000086e        0xa BUILD/NRF52_DK/GCC_ARM_RX/mbed-os/drivers/source/UARTSerial.o
                0x0000086e                mbed::FileHandle::rewind()
 .text._gpio_init_out.part.0
                0x00000878       0x48 BUILD/NRF52_DK/GCC_ARM_RX/mbed-os/hal/mbed_gpio.o
 .text.gpio_init_out_ex
                0x000008c0       0x24 BUILD/NRF52_DK/GCC_ARM_RX/mbed-os/hal/mbed_gpio.o
                0x000008c0                gpio_init_out_ex
 .text.gpio_init_out
                0x000008e4        0x6 BUILD/NRF52_DK/GCC_ARM_RX/mbed-os/hal/mbed_gpio.o
                0x000008e4                gpio_init_out
 *fill*         0x000008ea        0x2 
 .text.update_present_time
                0x000008ec      0x114 BUILD/NRF52_DK/GCC_ARM_RX/mbed-os/hal/mbed_ticker_api.o
 .text._ticker_match_interval_passed
                0x00000a00       0x28 BUILD/NRF52_DK/GCC_ARM_RX/mbed-os/hal/mbed_ticker_api.o
                0x00000a00                _ticker_match_interval_passed
 .text.schedule_interrupt
                0x00000a28      0x138 BUILD/NRF52_DK/GCC_ARM_RX/mbed-os/hal/mbed_ticker_api.o
 .text.initialize
                0x00000b60       0xf4 BUILD/NRF52_DK/GCC_ARM_RX/mbed-os/hal/mbed_ticker_api.o
 .text.ticker_set_handler
                0x00000c54       0x1a BUILD/NRF52_DK/GCC_ARM_RX/mbed-os/hal/mbed_ticker_api.o
                0x00000c54                ticker_set_handler
 .text.ticker_irq_handler
                0x00000c6e       0x64 BUILD/NRF52_DK/GCC_ARM_RX/mbed-os/hal/mbed_ticker_api.o
                0x00000c6e                ticker_irq_handler
 .text.ticker_insert_event_us
                0x00000cd2       0x5e BUILD/NRF52_DK/GCC_ARM_RX/mbed-os/hal/mbed_ticker_api.o
                0x00000cd2                ticker_insert_event_us
 .text.ticker_remove_event
                0x00000d30       0x36 BUILD/NRF52_DK/GCC_ARM_RX/mbed-os/hal/mbed_ticker_api.o
                0x00000d30                ticker_remove_event
 .text.ticker_read_us
                0x00000d66       0x22 BUILD/NRF52_DK/GCC_ARM_RX/mbed-os/hal/mbed_ticker_api.o
                0x00000d66                ticker_read_us
 .text.ticker_read
                0x00000d88        0x8 BUILD/NRF52_DK/GCC_ARM_RX/mbed-os/hal/mbed_ticker_api.o
                0x00000d88                ticker_read
 .text.note_us_ticker_free
                0x00000d90       0x10 BUILD/NRF52_DK/GCC_ARM_RX/mbed-os/hal/mbed_us_ticker_api.o
 .text.note_us_ticker_init
                0x00000da0       0x14 BUILD/NRF52_DK/GCC_ARM_RX/mbed-os/hal/mbed_us_ticker_api.o
 .text.get_us_ticker_data
                0x00000db4        0x8 BUILD/NRF52_DK/GCC_ARM_RX/mbed-os/hal/mbed_us_ticker_api.o
                0x00000db4                get_us_ticker_data
 .text.us_ticker_irq_handler
                0x00000dbc       0x14 BUILD/NRF52_DK/GCC_ARM_RX/mbed-os/hal/mbed_us_ticker_api.o
                0x00000dbc                us_ticker_irq_handler
 .text.serial_init_direct
                0x00000dd0        0xc BUILD/NRF52_DK/GCC_ARM_RX/mbed-os/hal/static_pinmap.o
                0x00000dd0                serial_init_direct
 .text._ZN10CThunkBase11cthunk_freeEPFvvE
                0x00000ddc       0x10 BUILD/NRF52_DK/GCC_ARM_RX/mbed-os/platform/source/CThunkBase.o
                0x00000ddc                CThunkBase::cthunk_free(void (*)())
 .text._ZN4mbed8FileBase11getPathTypeEv
                0x00000dec        0x4 BUILD/NRF52_DK/GCC_ARM_RX/mbed-os/platform/source/FileBase.o
                0x00000dec                mbed::FileBase::getPathType()
 .text._ZN4mbed8FileBaseC2EPKcNS_8PathTypeE
                0x00000df0       0x3c BUILD/NRF52_DK/GCC_ARM_RX/mbed-os/platform/source/FileBase.o
                0x00000df0                mbed::FileBase::FileBase(char const*, mbed::PathType)
                0x00000df0                mbed::FileBase::FileBase(char const*, mbed::PathType)
 .text._ZN4mbed8FileBaseD2Ev
                0x00000e2c       0x5c BUILD/NRF52_DK/GCC_ARM_RX/mbed-os/platform/source/FileBase.o
                0x00000e2c                mbed::FileBase::~FileBase()
                0x00000e2c                mbed::FileBase::~FileBase()
 .text._ZN4mbed8FileBaseD0Ev
                0x00000e88       0x14 BUILD/NRF52_DK/GCC_ARM_RX/mbed-os/platform/source/FileBase.o
                0x00000e88                mbed::FileBase::~FileBase()
 .text._ZN4mbed8FileBase6lookupEPKcj
                0x00000e9c       0x68 BUILD/NRF52_DK/GCC_ARM_RX/mbed-os/platform/source/FileBase.o
                0x00000e9c                mbed::FileBase::lookup(char const*, unsigned int)
 .text._ZN4mbed10FileHandle4syncEv
                0x00000f04        0x4 BUILD/NRF52_DK/GCC_ARM_RX/mbed-os/platform/source/FileHandle.o
                0x00000f04                mbed::FileHandle::sync()
 .text._ZN4mbed10FileHandle6isattyEv
                0x00000f08        0x4 BUILD/NRF52_DK/GCC_ARM_RX/mbed-os/platform/source/FileHandle.o
                0x00000f08                mbed::FileHandle::isatty()
 .text._ZN4mbed10FileHandle4sizeEv
                0x00000f0c       0x32 BUILD/NRF52_DK/GCC_ARM_RX/mbed-os/platform/source/FileHandle.o
                0x00000f0c                mbed::FileHandle::size()
 *fill*         0x00000f3e        0x2 
 .text._ZN4mbed8FilePathC2EPKc
                0x00000f40       0x54 BUILD/NRF52_DK/GCC_ARM_RX/mbed-os/platform/source/FilePath.o
                0x00000f40                mbed::FilePath::FilePath(char const*)
                0x00000f40                mbed::FilePath::FilePath(char const*)
 .text._ZN4mbed8FilePath8fileNameEv
                0x00000f94        0x4 BUILD/NRF52_DK/GCC_ARM_RX/mbed-os/platform/source/FilePath.o
                0x00000f94                mbed::FilePath::fileName()
 .text._ZN4mbed8FilePath12isFileSystemEv
                0x00000f98       0x12 BUILD/NRF52_DK/GCC_ARM_RX/mbed-os/platform/source/FilePath.o
                0x00000f98                mbed::FilePath::isFileSystem()
 .text._ZN4mbed8FilePath10fileSystemEv
                0x00000faa       0x12 BUILD/NRF52_DK/GCC_ARM_RX/mbed-os/platform/source/FilePath.o
                0x00000faa                mbed::FilePath::fileSystem()
 .text._ZN4mbed8FilePath6isFileEv
                0x00000fbc       0x12 BUILD/NRF52_DK/GCC_ARM_RX/mbed-os/platform/source/FilePath.o
                0x00000fbc                mbed::FilePath::isFile()
 .text._ZN4mbed8FilePath4fileEv
                0x00000fce       0x12 BUILD/NRF52_DK/GCC_ARM_RX/mbed-os/platform/source/FilePath.o
                0x00000fce                mbed::FilePath::file()
 .text._ZN4mbed8FilePath6existsEv
                0x00000fe0        0xa BUILD/NRF52_DK/GCC_ARM_RX/mbed-os/platform/source/FilePath.o
                0x00000fe0                mbed::FilePath::exists()
 .text._ZN4mbed6Stream4lockEv
                0x00000fea        0x2 BUILD/NRF52_DK/GCC_ARM_RX/mbed-os/platform/source/Stream.o
                0x00000fea                mbed::Stream::lock()
 .text._ZN4mbed6Stream6unlockEv
                0x00000fec        0x2 BUILD/NRF52_DK/GCC_ARM_RX/mbed-os/platform/source/Stream.o
                0x00000fec                mbed::Stream::unlock()
 .text._ZN4mbed6Stream5closeEv
                0x00000fee        0x4 BUILD/NRF52_DK/GCC_ARM_RX/mbed-os/platform/source/Stream.o
                0x00000fee                mbed::Stream::isatty()
                0x00000fee                mbed::Stream::sync()
                0x00000fee                mbed::Stream::close()
 .text._ZN4mbed6Stream5writeEPKvj
                0x00000ff2       0x30 BUILD/NRF52_DK/GCC_ARM_RX/mbed-os/platform/source/Stream.o
                0x00000ff2                mbed::Stream::write(void const*, unsigned int)
 .text._ZN4mbed6Stream4readEPvj
                0x00001022       0x32 BUILD/NRF52_DK/GCC_ARM_RX/mbed-os/platform/source/Stream.o
                0x00001022                mbed::Stream::read(void*, unsigned int)
 .text._ZN4mbed6Stream4seekEli
                0x00001054        0x4 BUILD/NRF52_DK/GCC_ARM_RX/mbed-os/platform/source/Stream.o
                0x00001054                mbed::Stream::seek(long, int)
 .text._ZN4mbed6Stream4tellEv
                0x00001058        0x4 BUILD/NRF52_DK/GCC_ARM_RX/mbed-os/platform/source/Stream.o
                0x00001058                mbed::Stream::tell()
                0x00001058                mbed::Stream::size()
 .text._ZN4mbed6Stream6rewindEv
                0x0000105c        0x2 BUILD/NRF52_DK/GCC_ARM_RX/mbed-os/platform/source/Stream.o
                0x0000105c                mbed::Stream::rewind()
 *fill*         0x0000105e        0x2 
 .text._ZN4mbed6StreamC2EPKc
                0x00001060       0x54 BUILD/NRF52_DK/GCC_ARM_RX/mbed-os/platform/source/Stream.o
                0x00001060                mbed::Stream::Stream(char const*)
                0x00001060                mbed::Stream::Stream(char const*)
 .text._ZN4mbed6StreamD2Ev
                0x000010b4       0x34 BUILD/NRF52_DK/GCC_ARM_RX/mbed-os/platform/source/Stream.o
                0x000010b4                mbed::Stream::~Stream()
                0x000010b4                mbed::Stream::~Stream()
 .text._ZN4mbed6Stream4putcEi
                0x000010e8       0x2c BUILD/NRF52_DK/GCC_ARM_RX/mbed-os/platform/source/Stream.o
                0x000010e8                mbed::Stream::putc(int)
 .text._ZN4mbed6Stream4getcEv
                0x00001114       0x24 BUILD/NRF52_DK/GCC_ARM_RX/mbed-os/platform/source/Stream.o
                0x00001114                mbed::Stream::getc()
 .text._ZN4mbed6Stream6printfEPKcz
                0x00001138       0x3e BUILD/NRF52_DK/GCC_ARM_RX/mbed-os/platform/source/Stream.o
                0x00001138                mbed::Stream::printf(char const*, ...)
 *fill*         0x00001176        0x2 
 .text          0x00001178       0xd0 BUILD/NRF52_DK/GCC_ARM_RX/mbed-os/platform/source/TARGET_CORTEX_M/TOOLCHAIN_GCC/except.o
                0x00001178                HardFault_Handler
                0x00001180                MemManage_Handler
                0x00001188                BusFault_Handler
                0x00001190                UsageFault_Handler
                0x00001198                Fault_Handler
 .text.print_context_info
                0x00001248       0xec BUILD/NRF52_DK/GCC_ARM_RX/mbed-os/platform/source/TARGET_CORTEX_M/mbed_fault_handler.o
                0x00001248                print_context_info
 .text.mbed_fault_handler
                0x00001334       0xa4 BUILD/NRF52_DK/GCC_ARM_RX/mbed-os/platform/source/TARGET_CORTEX_M/mbed_fault_handler.o
                0x00001334                mbed_fault_handler
 .text.__wrap__malloc_r
                0x000013d8        0x4 BUILD/NRF52_DK/GCC_ARM_RX/mbed-os/platform/source/mbed_alloc_wrappers.o
                0x000013d8                __wrap__malloc_r
 .text.__wrap__realloc_r
                0x000013dc        0x4 BUILD/NRF52_DK/GCC_ARM_RX/mbed-os/platform/source/mbed_alloc_wrappers.o
                0x000013dc                __wrap__realloc_r
 .text.__wrap__free_r
                0x000013e0        0x4 BUILD/NRF52_DK/GCC_ARM_RX/mbed-os/platform/source/mbed_alloc_wrappers.o
                0x000013e0                __wrap__free_r
 .text.__wrap__calloc_r
                0x000013e4        0x4 BUILD/NRF52_DK/GCC_ARM_RX/mbed-os/platform/source/mbed_alloc_wrappers.o
                0x000013e4                __wrap__calloc_r
 .text.mbed_assert_internal
                0x000013e8       0x14 BUILD/NRF52_DK/GCC_ARM_RX/mbed-os/platform/source/mbed_assert.o
                0x000013e8                mbed_assert_internal
 .text.core_util_atomic_flag_test_and_set
                0x000013fc       0x14 BUILD/NRF52_DK/GCC_ARM_RX/mbed-os/platform/source/mbed_atomic_impl.o
                0x000013fc                core_util_atomic_flag_test_and_set
 .text.core_util_atomic_incr_u16
                0x00001410       0x12 BUILD/NRF52_DK/GCC_ARM_RX/mbed-os/platform/source/mbed_atomic_impl.o
                0x00001410                core_util_atomic_incr_u16
 .text.core_util_atomic_incr_u32
                0x00001422       0x12 BUILD/NRF52_DK/GCC_ARM_RX/mbed-os/platform/source/mbed_atomic_impl.o
                0x00001422                core_util_atomic_incr_u32
 .text.core_util_atomic_decr_u16
                0x00001434       0x12 BUILD/NRF52_DK/GCC_ARM_RX/mbed-os/platform/source/mbed_atomic_impl.o
                0x00001434                core_util_atomic_decr_u16
 .text.core_util_atomic_decr_u32
                0x00001446       0x12 BUILD/NRF52_DK/GCC_ARM_RX/mbed-os/platform/source/mbed_atomic_impl.o
                0x00001446                core_util_atomic_decr_u32
 .text.core_util_atomic_exchange_u8
                0x00001458        0xc BUILD/NRF52_DK/GCC_ARM_RX/mbed-os/platform/source/mbed_atomic_impl.o
                0x00001458                core_util_atomic_exchange_u8
 .text.gpio_write.isra.0.part.0
                0x00001464       0x14 BUILD/NRF52_DK/GCC_ARM_RX/mbed-os/platform/source/mbed_board.o
 .text.mbed_die
                0x00001478       0x90 BUILD/NRF52_DK/GCC_ARM_RX/mbed-os/platform/source/mbed_board.o
                0x00001478                mbed_die
 .text.mbed_error_puts
                0x00001508       0x2e BUILD/NRF52_DK/GCC_ARM_RX/mbed-os/platform/source/mbed_board.o
                0x00001508                mbed_error_puts
 *fill*         0x00001536        0x2 
 .text.mbed_error_vprintf
                0x00001538       0x38 BUILD/NRF52_DK/GCC_ARM_RX/mbed-os/platform/source/mbed_board.o
                0x00001538                mbed_error_vprintf
 .text.mbed_error_printf
                0x00001570       0x1a BUILD/NRF52_DK/GCC_ARM_RX/mbed-os/platform/source/mbed_board.o
                0x00001570                mbed_error_printf
 .text.core_util_are_interrupts_enabled
                0x0000158a        0xc BUILD/NRF52_DK/GCC_ARM_RX/mbed-os/platform/source/mbed_critical.o
                0x0000158a                core_util_are_interrupts_enabled
 .text.core_util_is_isr_active
                0x00001596        0xc BUILD/NRF52_DK/GCC_ARM_RX/mbed-os/platform/source/mbed_critical.o
                0x00001596                core_util_is_isr_active
 *fill*         0x000015a2        0x2 
 .text.core_util_critical_section_enter
                0x000015a4       0x2c BUILD/NRF52_DK/GCC_ARM_RX/mbed-os/platform/source/mbed_critical.o
                0x000015a4                core_util_critical_section_enter
 .text.core_util_critical_section_exit
                0x000015d0       0x18 BUILD/NRF52_DK/GCC_ARM_RX/mbed-os/platform/source/mbed_critical.o
                0x000015d0                core_util_critical_section_exit
 .text.mbed_halt_system
                0x000015e8       0x34 BUILD/NRF52_DK/GCC_ARM_RX/mbed-os/platform/source/mbed_error.o
 .text.handle_error.isra.0
                0x0000161c       0xac BUILD/NRF52_DK/GCC_ARM_RX/mbed-os/platform/source/mbed_error.o
 .text.print_error_report.constprop.0
                0x000016c8      0x104 BUILD/NRF52_DK/GCC_ARM_RX/mbed-os/platform/source/mbed_error.o
 .text.mbed_error
                0x000017cc       0x34 BUILD/NRF52_DK/GCC_ARM_RX/mbed-os/platform/source/mbed_error.o
                0x000017cc                mbed_error
 .text.sleep_manager_lock_deep_sleep_internal
                0x00001800       0x2c BUILD/NRF52_DK/GCC_ARM_RX/mbed-os/platform/source/mbed_power_mgmt.o
                0x00001800                sleep_manager_lock_deep_sleep_internal
 .text.sleep_manager_unlock_deep_sleep_internal
                0x0000182c       0x34 BUILD/NRF52_DK/GCC_ARM_RX/mbed-os/platform/source/mbed_power_mgmt.o
                0x0000182c                sleep_manager_unlock_deep_sleep_internal
 .text._ZN12DirectSerial4seekEli
                0x00001860        0x6 BUILD/NRF52_DK/GCC_ARM_RX/mbed-os/platform/source/mbed_retarget.o
                0x00001860                DirectSerial::seek(long, int)
 .text._ZN12DirectSerial4sizeEv
                0x00001866        0x6 BUILD/NRF52_DK/GCC_ARM_RX/mbed-os/platform/source/mbed_retarget.o
                0x00001866                DirectSerial::size()
 .text._ZN12DirectSerial6isattyEv
                0x0000186c        0x4 BUILD/NRF52_DK/GCC_ARM_RX/mbed-os/platform/source/mbed_retarget.o
                0x0000186c                DirectSerial::isatty()
 .text._ZN12DirectSerial5closeEv
                0x00001870        0x4 BUILD/NRF52_DK/GCC_ARM_RX/mbed-os/platform/source/mbed_retarget.o
                0x00001870                DirectSerial::close()
 .text._ZN12DirectSerialD2Ev
                0x00001874        0x2 BUILD/NRF52_DK/GCC_ARM_RX/mbed-os/platform/source/mbed_retarget.o
                0x00001874                DirectSerial::~DirectSerial()
                0x00001874                DirectSerial::~DirectSerial()
 *fill*         0x00001876        0x2 
 .text._ZN12DirectSerial5writeEPKvj
                0x00001878       0x24 BUILD/NRF52_DK/GCC_ARM_RX/mbed-os/platform/source/mbed_retarget.o
                0x00001878                DirectSerial::write(void const*, unsigned int)
 .text._ZNK12DirectSerial4pollEs
                0x0000189c       0x30 BUILD/NRF52_DK/GCC_ARM_RX/mbed-os/platform/source/mbed_retarget.o
                0x0000189c                DirectSerial::poll(short) const
 .text._ZN12DirectSerialD0Ev
                0x000018cc        0xc BUILD/NRF52_DK/GCC_ARM_RX/mbed-os/platform/source/mbed_retarget.o
                0x000018cc                DirectSerial::~DirectSerial()
 .text._ZN12DirectSerial4readEPvj
                0x000018d8       0x1c BUILD/NRF52_DK/GCC_ARM_RX/mbed-os/platform/source/mbed_retarget.o
                0x000018d8                DirectSerial::read(void*, unsigned int)
 .text._ZN12DirectSerialC2ERK15serial_pinmap_ti
                0x000018f4       0x30 BUILD/NRF52_DK/GCC_ARM_RX/mbed-os/platform/source/mbed_retarget.o
                0x000018f4                DirectSerial::DirectSerial(serial_pinmap_t const&, int)
                0x000018f4                DirectSerial::DirectSerial(serial_pinmap_t const&, int)
 .text._ZN4mbed28mbed_target_override_consoleEi
                0x00001924        0x4 BUILD/NRF52_DK/GCC_ARM_RX/mbed-os/platform/source/mbed_retarget.o
                0x00001924                mbed::mbed_target_override_console(int)
 .text._ZN4mbed21mbed_override_consoleEi
                0x00001928        0x4 BUILD/NRF52_DK/GCC_ARM_RX/mbed-os/platform/source/mbed_retarget.o
                0x00001928                mbed::mbed_override_console(int)
 .text.__cxa_pure_virtual
                0x0000192c        0x8 BUILD/NRF52_DK/GCC_ARM_RX/mbed-os/platform/source/mbed_retarget.o
                0x0000192c                __cxa_pure_virtual
 .text._sbrk    0x00001934       0x2c BUILD/NRF52_DK/GCC_ARM_RX/mbed-os/platform/source/mbed_retarget.o
                0x00001934                _sbrk
 .text._exit    0x00001960        0xa BUILD/NRF52_DK/GCC_ARM_RX/mbed-os/platform/source/mbed_retarget.o
                0x00001960                _exit
 .text.__aeabi_atexit
                0x0000196a        0x4 BUILD/NRF52_DK/GCC_ARM_RX/mbed-os/platform/source/mbed_retarget.o
                0x0000196a                __aeabi_atexit
 .text.__wrap_exit
                0x0000196e        0x6 BUILD/NRF52_DK/GCC_ARM_RX/mbed-os/platform/source/mbed_retarget.o
                0x0000196e                __wrap_exit
 .text.__wrap_atexit
                0x00001974        0x4 BUILD/NRF52_DK/GCC_ARM_RX/mbed-os/platform/source/mbed_retarget.o
                0x00001974                __wrap_atexit
 .text._ZN4mbed26mbed_set_unbuffered_streamEP7__sFILE
                0x00001978        0x6 BUILD/NRF52_DK/GCC_ARM_RX/mbed-os/platform/source/mbed_retarget.o
                0x00001978                mbed::mbed_set_unbuffered_stream(__sFILE*)
 .text.__rtos_malloc_lock
                0x0000197e        0x2 BUILD/NRF52_DK/GCC_ARM_RX/mbed-os/platform/source/mbed_retarget.o
                0x0000197e                __rtos_malloc_lock
 .text.__rtos_malloc_unlock
                0x00001980        0x2 BUILD/NRF52_DK/GCC_ARM_RX/mbed-os/platform/source/mbed_retarget.o
                0x00001980                __rtos_malloc_unlock
 .text.__malloc_lock
                0x00001982        0x8 BUILD/NRF52_DK/GCC_ARM_RX/mbed-os/platform/source/mbed_retarget.o
                0x00001982                __malloc_lock
 .text.__malloc_unlock
                0x0000198a        0x8 BUILD/NRF52_DK/GCC_ARM_RX/mbed-os/platform/source/mbed_retarget.o
                0x0000198a                __malloc_unlock
 *fill*         0x00001992        0x2 
 .text.__cxa_guard_acquire
                0x00001994       0x3c BUILD/NRF52_DK/GCC_ARM_RX/mbed-os/platform/source/mbed_retarget.o
                0x00001994                __cxa_guard_acquire
 .text.__cxa_guard_release
                0x000019d0       0x2c BUILD/NRF52_DK/GCC_ARM_RX/mbed-os/platform/source/mbed_retarget.o
                0x000019d0                __cxa_guard_release
 .text._ZN4mbed16mbed_file_handleEi
                0x000019fc       0x84 BUILD/NRF52_DK/GCC_ARM_RX/mbed-os/platform/source/mbed_retarget.o
                0x000019fc                mbed::mbed_file_handle(int)
 .text.close    0x00001a80       0x3c BUILD/NRF52_DK/GCC_ARM_RX/mbed-os/platform/source/mbed_retarget.o
                0x00001a80                close
 .text._close   0x00001abc        0x4 BUILD/NRF52_DK/GCC_ARM_RX/mbed-os/platform/source/mbed_retarget.o
                0x00001abc                _close
 .text.write    0x00001ac0       0x36 BUILD/NRF52_DK/GCC_ARM_RX/mbed-os/platform/source/mbed_retarget.o
                0x00001ac0                write
 .text._write   0x00001af6       0x22 BUILD/NRF52_DK/GCC_ARM_RX/mbed-os/platform/source/mbed_retarget.o
                0x00001af6                _write
 .text.read     0x00001b18       0x36 BUILD/NRF52_DK/GCC_ARM_RX/mbed-os/platform/source/mbed_retarget.o
                0x00001b18                read
 .text._read    0x00001b4e       0x1c BUILD/NRF52_DK/GCC_ARM_RX/mbed-os/platform/source/mbed_retarget.o
                0x00001b4e                _read
 .text.isatty   0x00001b6a       0x2c BUILD/NRF52_DK/GCC_ARM_RX/mbed-os/platform/source/mbed_retarget.o
                0x00001b6a                isatty
 .text.fdopen   0x00001b96       0x2c BUILD/NRF52_DK/GCC_ARM_RX/mbed-os/platform/source/mbed_retarget.o
                0x00001b96                fdopen
 .text._isatty  0x00001bc2        0x4 BUILD/NRF52_DK/GCC_ARM_RX/mbed-os/platform/source/mbed_retarget.o
                0x00001bc2                _isatty
 .text.lseek    0x00001bc6       0x36 BUILD/NRF52_DK/GCC_ARM_RX/mbed-os/platform/source/mbed_retarget.o
                0x00001bc6                lseek
 .text._lseek   0x00001bfc        0x4 BUILD/NRF52_DK/GCC_ARM_RX/mbed-os/platform/source/mbed_retarget.o
                0x00001bfc                _lseek
 .text.fstat    0x00001c00       0x3c BUILD/NRF52_DK/GCC_ARM_RX/mbed-os/platform/source/mbed_retarget.o
                0x00001c00                fstat
 .text._fstat   0x00001c3c        0x4 BUILD/NRF52_DK/GCC_ARM_RX/mbed-os/platform/source/mbed_retarget.o
                0x00001c3c                _fstat
 .text._ZdlPvj  0x00001c40        0x4 BUILD/NRF52_DK/GCC_ARM_RX/mbed-os/platform/source/mbed_retarget.o
                0x00001c40                operator delete(void*, unsigned int)
 .text._ZN4mbed17remove_filehandleEPNS_10FileHandleE
                0x00001c44       0x30 BUILD/NRF52_DK/GCC_ARM_RX/mbed-os/platform/source/mbed_retarget.o
                0x00001c44                mbed::remove_filehandle(mbed::FileHandle*)
 .text._ZL18reserve_filehandlev
                0x00001c74       0x48 BUILD/NRF52_DK/GCC_ARM_RX/mbed-os/platform/source/mbed_retarget.o
 .text._ZN4mbed10bind_to_fdEPNS_10FileHandleE
                0x00001cbc       0x18 BUILD/NRF52_DK/GCC_ARM_RX/mbed-os/platform/source/mbed_retarget.o
                0x00001cbc                mbed::bind_to_fd(mbed::FileHandle*)
 .text._ZN4mbed6fdopenEPNS_10FileHandleEPKc
                0x00001cd4       0x40 BUILD/NRF52_DK/GCC_ARM_RX/mbed-os/platform/source/mbed_retarget.o
                0x00001cd4                mbed::fdopen(mbed::FileHandle*, char const*)
 .text.open     0x00001d14       0x98 BUILD/NRF52_DK/GCC_ARM_RX/mbed-os/platform/source/mbed_retarget.o
                0x00001d14                open
 .text._open    0x00001dac       0x68 BUILD/NRF52_DK/GCC_ARM_RX/mbed-os/platform/source/mbed_retarget.o
                0x00001dac                _open
 .text.mbed_main
                0x00001e14        0x2 BUILD/NRF52_DK/GCC_ARM_RX/mbed-os/platform/source/mbed_sdk_boot.o
                0x00001e14                mbed_main
 .text.software_init_hook_rtos
                0x00001e16        0x2 BUILD/NRF52_DK/GCC_ARM_RX/mbed-os/platform/source/mbed_sdk_boot.o
                0x00001e16                software_init_hook_rtos
 .text.software_init_hook
                0x00001e18        0xc BUILD/NRF52_DK/GCC_ARM_RX/mbed-os/platform/source/mbed_sdk_boot.o
                0x00001e18                software_init_hook
 .text.__wrap_main
                0x00001e24        0xe BUILD/NRF52_DK/GCC_ARM_RX/mbed-os/platform/source/mbed_sdk_boot.o
                0x00001e24                __wrap_main
 .text.wait_us  0x00001e32       0x1e BUILD/NRF52_DK/GCC_ARM_RX/mbed-os/platform/source/mbed_wait_api_no_rtos.o
                0x00001e32                wait_us
 .text          0x00001e50       0x4c BUILD/NRF52_DK/GCC_ARM_RX/mbed-os/targets/TARGET_NORDIC/TARGET_NRF5x/TARGET_NRF52/TARGET_MCU_NRF52832/device/TOOLCHAIN_GCC_ARM/startup_NRF52832.o
                0x00001e50                Reset_Handler
                0x00001e88                NMI_Handler
                0x00001e8c                MemoryManagement_Handler
                0x00001e92                SVC_Handler
                0x00001e94                DebugMon_Handler
                0x00001e96                PendSV_Handler
                0x00001e98                SysTick_Handler
                0x00001e9a                I2S_IRQHandler_v
                0x00001e9a                POWER_CLOCK_IRQHandler
                0x00001e9a                RADIO_IRQHandler
                0x00001e9a                WDT_IRQHandler_v
                0x00001e9a                SWI3_EGU3_IRQHandler_v
                0x00001e9a                PWM0_IRQHandler_v
                0x00001e9a                FPU_IRQHandler_v
                0x00001e9a                TIMER2_IRQHandler_v
                0x00001e9a                RTC0_IRQHandler
                0x00001e9a                PDM_IRQHandler_v
                0x00001e9a                SWI4_EGU4_IRQHandler
                0x00001e9a                RTC1_IRQHandler_v
                0x00001e9a                TIMER4_IRQHandler_v
                0x00001e9a                TIMER3_IRQHandler_v
                0x00001e9a                ECB_IRQHandler
                0x00001e9a                TIMER0_IRQHandler_v
                0x00001e9a                Default_Handler
                0x00001e9a                GPIOTE_IRQHandler_v
                0x00001e9a                SPIM1_SPIS1_TWIM1_TWIS1_SPI1_TWI1_IRQHandler_v
                0x00001e9a                SWI2_EGU2_IRQHandler_v
                0x00001e9a                UARTE0_UART0_IRQHandler_v
                0x00001e9a                SAADC_IRQHandler_v
                0x00001e9a                CCM_AAR_IRQHandler
                0x00001e9a                QDEC_IRQHandler_v
                0x00001e9a                RTC2_IRQHandler_v
                0x00001e9a                SWI5_EGU5_IRQHandler
                0x00001e9a                TEMP_IRQHandler_v
                0x00001e9a                TIMER1_IRQHandler_v
                0x00001e9a                SWI1_EGU1_IRQHandler_v
                0x00001e9a                SWI0_EGU0_IRQHandler_v
                0x00001e9a                SPIM2_SPIS2_SPI2_IRQHandler_v
                0x00001e9a                COMP_LPCOMP_IRQHandler_v
                0x00001e9a                NFCT_IRQHandler_v
                0x00001e9a                MWU_IRQHandler
                0x00001e9a                PWM1_IRQHandler_v
                0x00001e9a                SPIM0_SPIS0_TWIM0_TWIS0_SPI0_TWI0_IRQHandler_v
                0x00001e9a                PWM2_IRQHandler_v
 .text.NVIC_SetVector
                0x00001e9c       0x10 BUILD/NRF52_DK/GCC_ARM_RX/mbed-os/targets/TARGET_NORDIC/TARGET_NRF5x/TARGET_NRF52/TARGET_MCU_NRF52832/device/cmsis_nvic.o
                0x00001e9c                NVIC_SetVector
 .text.errata_12
                0x00001eac       0x40 BUILD/NRF52_DK/GCC_ARM_RX/mbed-os/targets/TARGET_NORDIC/TARGET_NRF5x/TARGET_NRF52/TARGET_MCU_NRF52832/device/system_nrf52.o
 .text.errata_16
                0x00001eec       0x34 BUILD/NRF52_DK/GCC_ARM_RX/mbed-os/targets/TARGET_NORDIC/TARGET_NRF5x/TARGET_NRF52/TARGET_MCU_NRF52832/device/system_nrf52.o
 .text.SystemInit
                0x00001f20      0x258 BUILD/NRF52_DK/GCC_ARM_RX/mbed-os/targets/TARGET_NORDIC/TARGET_NRF5x/TARGET_NRF52/TARGET_MCU_NRF52832/device/system_nrf52.o
                0x00001f20                SystemInit
 .text.hal_critical_section_enter
                0x00002178       0x10 BUILD/NRF52_DK/GCC_ARM_RX/mbed-os/targets/TARGET_NORDIC/TARGET_NRF5x/TARGET_NRF52/critical_section_api.o
                0x00002178                hal_critical_section_enter
 .text.hal_critical_section_exit
                0x00002188       0x10 BUILD/NRF52_DK/GCC_ARM_RX/mbed-os/targets/TARGET_NORDIC/TARGET_NRF5x/TARGET_NRF52/critical_section_api.o
                0x00002188                hal_critical_section_exit
 .text.gpiote_irq_handler
                0x00002198       0x54 BUILD/NRF52_DK/GCC_ARM_RX/mbed-os/targets/TARGET_NORDIC/TARGET_NRF5x/TARGET_NRF52/gpio_api.o
 .text.gpiote_pin_uninit
                0x000021ec       0x30 BUILD/NRF52_DK/GCC_ARM_RX/mbed-os/targets/TARGET_NORDIC/TARGET_NRF5x/TARGET_NRF52/gpio_api.o
 .text.gpio_apply_config
                0x0000221c       0xd8 BUILD/NRF52_DK/GCC_ARM_RX/mbed-os/targets/TARGET_NORDIC/TARGET_NRF5x/TARGET_NRF52/gpio_api.o
 .text.gpio_init
                0x000022f4       0x48 BUILD/NRF52_DK/GCC_ARM_RX/mbed-os/targets/TARGET_NORDIC/TARGET_NRF5x/TARGET_NRF52/gpio_api.o
                0x000022f4                gpio_init
 .text.gpio_mode
                0x0000233c       0x44 BUILD/NRF52_DK/GCC_ARM_RX/mbed-os/targets/TARGET_NORDIC/TARGET_NRF5x/TARGET_NRF52/gpio_api.o
                0x0000233c                gpio_mode
 .text.gpio_dir
                0x00002380       0x44 BUILD/NRF52_DK/GCC_ARM_RX/mbed-os/targets/TARGET_NORDIC/TARGET_NRF5x/TARGET_NRF52/gpio_api.o
                0x00002380                gpio_dir
 .text.pin_instance_uart
                0x000023c4       0x6c BUILD/NRF52_DK/GCC_ARM_RX/mbed-os/targets/TARGET_NORDIC/TARGET_NRF5x/TARGET_NRF52/pinmap_ex.o
                0x000023c4                pin_instance_uart
 .text.nrf_reloc_vector_table
                0x00002430       0x2c BUILD/NRF52_DK/GCC_ARM_RX/mbed-os/targets/TARGET_NORDIC/TARGET_NRF5x/TARGET_NRF52/reloc_vector_table.o
                0x00002430                nrf_reloc_vector_table
 .text.mbed_sdk_init
                0x0000245c       0x38 BUILD/NRF52_DK/GCC_ARM_RX/mbed-os/targets/TARGET_NORDIC/TARGET_NRF5x/TARGET_NRF52/reloc_vector_table.o
                0x0000245c                mbed_sdk_init
 .text.nrf_uarte_event_clear
                0x00002494       0x10 BUILD/NRF52_DK/GCC_ARM_RX/mbed-os/targets/TARGET_NORDIC/TARGET_NRF5x/TARGET_NRF52/serial_api.o
 .text.nordic_nrf5_uart_configure_rx_asynch
                0x000024a4       0x50 BUILD/NRF52_DK/GCC_ARM_RX/mbed-os/targets/TARGET_NORDIC/TARGET_NRF5x/TARGET_NRF52/serial_api.o
 .text.nordic_nrf5_uart_configure_object
                0x000024f4      0x148 BUILD/NRF52_DK/GCC_ARM_RX/mbed-os/targets/TARGET_NORDIC/TARGET_NRF5x/TARGET_NRF52/serial_api.o
 .text.nordic_nrf5_uart_configure_rx
                0x0000263c       0x6c BUILD/NRF52_DK/GCC_ARM_RX/mbed-os/targets/TARGET_NORDIC/TARGET_NRF5x/TARGET_NRF52/serial_api.o
 .text.nordic_nrf5_serial_configure
                0x000026a8       0x7c BUILD/NRF52_DK/GCC_ARM_RX/mbed-os/targets/TARGET_NORDIC/TARGET_NRF5x/TARGET_NRF52/serial_api.o
 .text.nordic_nrf5_uart_swi0
                0x00002724       0x70 BUILD/NRF52_DK/GCC_ARM_RX/mbed-os/targets/TARGET_NORDIC/TARGET_NRF5x/TARGET_NRF52/serial_api.o
 .text.nordic_nrf5_uart0_handler
                0x00002794      0x10c BUILD/NRF52_DK/GCC_ARM_RX/mbed-os/targets/TARGET_NORDIC/TARGET_NRF5x/TARGET_NRF52/serial_api.o
 .text.serial_init
                0x000028a0      0x15c BUILD/NRF52_DK/GCC_ARM_RX/mbed-os/targets/TARGET_NORDIC/TARGET_NRF5x/TARGET_NRF52/serial_api.o
                0x000028a0                serial_init
 .text.serial_baud
                0x000029fc       0xf4 BUILD/NRF52_DK/GCC_ARM_RX/mbed-os/targets/TARGET_NORDIC/TARGET_NRF5x/TARGET_NRF52/serial_api.o
                0x000029fc                serial_baud
 .text.serial_irq_handler
                0x00002af0       0x20 BUILD/NRF52_DK/GCC_ARM_RX/mbed-os/targets/TARGET_NORDIC/TARGET_NRF5x/TARGET_NRF52/serial_api.o
                0x00002af0                serial_irq_handler
 .text.serial_irq_set
                0x00002b10       0x3c BUILD/NRF52_DK/GCC_ARM_RX/mbed-os/targets/TARGET_NORDIC/TARGET_NRF5x/TARGET_NRF52/serial_api.o
                0x00002b10                serial_irq_set
 .text.serial_getc
                0x00002b4c       0x7c BUILD/NRF52_DK/GCC_ARM_RX/mbed-os/targets/TARGET_NORDIC/TARGET_NRF5x/TARGET_NRF52/serial_api.o
                0x00002b4c                serial_getc
 .text.serial_putc
                0x00002bc8       0x6c BUILD/NRF52_DK/GCC_ARM_RX/mbed-os/targets/TARGET_NORDIC/TARGET_NRF5x/TARGET_NRF52/serial_api.o
                0x00002bc8                serial_putc
 .text.serial_readable
                0x00002c34       0x40 BUILD/NRF52_DK/GCC_ARM_RX/mbed-os/targets/TARGET_NORDIC/TARGET_NRF5x/TARGET_NRF52/serial_api.o
                0x00002c34                serial_readable
 .text.serial_writable
                0x00002c74       0x44 BUILD/NRF52_DK/GCC_ARM_RX/mbed-os/targets/TARGET_NORDIC/TARGET_NRF5x/TARGET_NRF52/serial_api.o
                0x00002c74                serial_writable
 .text.us_ticker_get_info
                0x00002cb8        0x8 BUILD/NRF52_DK/GCC_ARM_RX/mbed-os/targets/TARGET_NORDIC/TARGET_NRF5x/TARGET_NRF52/us_ticker.o
                0x00002cb8                us_ticker_get_info
 .text.us_ticker_init
                0x00002cc0       0xa4 BUILD/NRF52_DK/GCC_ARM_RX/mbed-os/targets/TARGET_NORDIC/TARGET_NRF5x/TARGET_NRF52/us_ticker.o
                0x00002cc0                us_ticker_init
 .text.us_ticker_read
                0x00002d64       0x10 BUILD/NRF52_DK/GCC_ARM_RX/mbed-os/targets/TARGET_NORDIC/TARGET_NRF5x/TARGET_NRF52/us_ticker.o
                0x00002d64                us_ticker_read
 .text.us_ticker_set_interrupt
                0x00002d74       0x3c BUILD/NRF52_DK/GCC_ARM_RX/mbed-os/targets/TARGET_NORDIC/TARGET_NRF5x/TARGET_NRF52/us_ticker.o
                0x00002d74                us_ticker_set_interrupt
 .text.us_ticker_fire_interrupt
                0x00002db0       0x10 BUILD/NRF52_DK/GCC_ARM_RX/mbed-os/targets/TARGET_NORDIC/TARGET_NRF5x/TARGET_NRF52/us_ticker.o
                0x00002db0                us_ticker_fire_interrupt
 .text.us_ticker_disable_interrupt
                0x00002dc0       0x10 BUILD/NRF52_DK/GCC_ARM_RX/mbed-os/targets/TARGET_NORDIC/TARGET_NRF5x/TARGET_NRF52/us_ticker.o
                0x00002dc0                us_ticker_disable_interrupt
 .text.us_ticker_clear_interrupt
                0x00002dd0       0x18 BUILD/NRF52_DK/GCC_ARM_RX/mbed-os/targets/TARGET_NORDIC/TARGET_NRF5x/TARGET_NRF52/us_ticker.o
                0x00002dd0                us_ticker_clear_interrupt
 .text.us_ticker_free
                0x00002de8       0x3c BUILD/NRF52_DK/GCC_ARM_RX/mbed-os/targets/TARGET_NORDIC/TARGET_NRF5x/TARGET_NRF52/us_ticker.o
                0x00002de8                us_ticker_free
 .text.sd_nvic_critical_region_enter
                0x00002e24       0x1c BUILD/NRF52_DK/GCC_ARM_RX/mbed-os/targets/TARGET_NORDIC/TARGET_NRF5x/TARGET_SDK_15_0/TARGET_SOFTDEVICE_NONE/nrf_soc_nosd/nrf_nvic.o
                0x00002e24                sd_nvic_critical_region_enter
 .text.sd_nvic_critical_region_exit
                0x00002e40       0x18 BUILD/NRF52_DK/GCC_ARM_RX/mbed-os/targets/TARGET_NORDIC/TARGET_NRF5x/TARGET_SDK_15_0/TARGET_SOFTDEVICE_NONE/nrf_soc_nosd/nrf_nvic.o
                0x00002e40                sd_nvic_critical_region_exit
 .text.nrf_atomic_u32_sub
                0x00002e58       0x18 BUILD/NRF52_DK/GCC_ARM_RX/mbed-os/targets/TARGET_NORDIC/TARGET_NRF5x/TARGET_SDK_15_0/components/libraries/atomic/nrf_atomic.o
                0x00002e58                nrf_atomic_u32_sub
 .text.nrf_atfifo_init
                0x00002e70       0x26 BUILD/NRF52_DK/GCC_ARM_RX/mbed-os/targets/TARGET_NORDIC/TARGET_NRF5x/TARGET_SDK_15_0/components/libraries/atomic_fifo/nrf_atfifo.o
                0x00002e70                nrf_atfifo_init
 .text.nrf_atfifo_clear
                0x00002e96       0x44 BUILD/NRF52_DK/GCC_ARM_RX/mbed-os/targets/TARGET_NORDIC/TARGET_NRF5x/TARGET_SDK_15_0/components/libraries/atomic_fifo/nrf_atfifo.o
                0x00002e96                nrf_atfifo_clear
 .text.nrf_atfifo_item_alloc
                0x00002eda       0x54 BUILD/NRF52_DK/GCC_ARM_RX/mbed-os/targets/TARGET_NORDIC/TARGET_NRF5x/TARGET_SDK_15_0/components/libraries/atomic_fifo/nrf_atfifo.o
                0x00002eda                nrf_atfifo_item_alloc
 .text.nrf_atfifo_item_put
                0x00002f2e       0x20 BUILD/NRF52_DK/GCC_ARM_RX/mbed-os/targets/TARGET_NORDIC/TARGET_NRF5x/TARGET_SDK_15_0/components/libraries/atomic_fifo/nrf_atfifo.o
                0x00002f2e                nrf_atfifo_item_put
 .text.nrf_atfifo_item_get
                0x00002f4e       0x56 BUILD/NRF52_DK/GCC_ARM_RX/mbed-os/targets/TARGET_NORDIC/TARGET_NRF5x/TARGET_SDK_15_0/components/libraries/atomic_fifo/nrf_atfifo.o
                0x00002f4e                nrf_atfifo_item_get
 .text.nrf_atfifo_item_free
                0x00002fa4       0x20 BUILD/NRF52_DK/GCC_ARM_RX/mbed-os/targets/TARGET_NORDIC/TARGET_NRF5x/TARGET_SDK_15_0/components/libraries/atomic_fifo/nrf_atfifo.o
                0x00002fa4                nrf_atfifo_item_free
 .text.event_send
                0x00002fc4       0x20 BUILD/NRF52_DK/GCC_ARM_RX/mbed-os/targets/TARGET_NORDIC/TARGET_NRF5x/TARGET_SDK_15_0/components/libraries/fds/fds.o
 .text.gc_page_erase
                0x00002fe4       0x40 BUILD/NRF52_DK/GCC_ARM_RX/mbed-os/targets/TARGET_NORDIC/TARGET_NRF5x/TARGET_SDK_15_0/components/libraries/fds/fds.o
 .text.page_tag_write_swap
                0x00003024       0x28 BUILD/NRF52_DK/GCC_ARM_RX/mbed-os/targets/TARGET_NORDIC/TARGET_NRF5x/TARGET_SDK_15_0/components/libraries/fds/fds.o
 .text.page_tag_write_data
                0x0000304c       0x20 BUILD/NRF52_DK/GCC_ARM_RX/mbed-os/targets/TARGET_NORDIC/TARGET_NRF5x/TARGET_SDK_15_0/components/libraries/fds/fds.o
 .text.record_header_flag_dirty
                0x0000306c       0x38 BUILD/NRF52_DK/GCC_ARM_RX/mbed-os/targets/TARGET_NORDIC/TARGET_NRF5x/TARGET_SDK_15_0/components/libraries/fds/fds.o
 .text.gc_record_copy
                0x000030a4       0x38 BUILD/NRF52_DK/GCC_ARM_RX/mbed-os/targets/TARGET_NORDIC/TARGET_NRF5x/TARGET_SDK_15_0/components/libraries/fds/fds.o
 .text.header_check
                0x000030dc       0x28 BUILD/NRF52_DK/GCC_ARM_RX/mbed-os/targets/TARGET_NORDIC/TARGET_NRF5x/TARGET_SDK_15_0/components/libraries/fds/fds.o
 .text.record_find_next
                0x00003104       0x58 BUILD/NRF52_DK/GCC_ARM_RX/mbed-os/targets/TARGET_NORDIC/TARGET_NRF5x/TARGET_SDK_15_0/components/libraries/fds/fds.o
 .text.record_find_by_desc
                0x0000315c       0xa4 BUILD/NRF52_DK/GCC_ARM_RX/mbed-os/targets/TARGET_NORDIC/TARGET_NRF5x/TARGET_SDK_15_0/components/libraries/fds/fds.o
 .text.record_find
                0x00003200       0x84 BUILD/NRF52_DK/GCC_ARM_RX/mbed-os/targets/TARGET_NORDIC/TARGET_NRF5x/TARGET_SDK_15_0/components/libraries/fds/fds.o
 .text.gc_record_find_next
                0x00003284       0x24 BUILD/NRF52_DK/GCC_ARM_RX/mbed-os/targets/TARGET_NORDIC/TARGET_NRF5x/TARGET_SDK_15_0/components/libraries/fds/fds.o
 .text.queue_process
                0x000032a8      0x4cc BUILD/NRF52_DK/GCC_ARM_RX/mbed-os/targets/TARGET_NORDIC/TARGET_NRF5x/TARGET_SDK_15_0/components/libraries/fds/fds.o
 .text.fs_event_handler
                0x00003774        0x6 BUILD/NRF52_DK/GCC_ARM_RX/mbed-os/targets/TARGET_NORDIC/TARGET_NRF5x/TARGET_SDK_15_0/components/libraries/fds/fds.o
 .text.nrf_fstorage_write
                0x0000377a       0x5c BUILD/NRF52_DK/GCC_ARM_RX/mbed-os/targets/TARGET_NORDIC/TARGET_NRF5x/TARGET_SDK_15_0/components/libraries/fstorage/nrf_fstorage.o
                0x0000377a                nrf_fstorage_write
 .text.nrf_fstorage_erase
                0x000037d6       0x4c BUILD/NRF52_DK/GCC_ARM_RX/mbed-os/targets/TARGET_NORDIC/TARGET_NRF5x/TARGET_SDK_15_0/components/libraries/fstorage/nrf_fstorage.o
                0x000037d6                nrf_fstorage_erase
 .text.app_util_critical_region_enter
                0x00003822        0x4 BUILD/NRF52_DK/GCC_ARM_RX/mbed-os/targets/TARGET_NORDIC/TARGET_NRF5x/TARGET_SDK_15_0/components/libraries/util/app_util_platform.o
                0x00003822                app_util_critical_region_enter
 .text.app_util_critical_region_exit
                0x00003826        0x4 BUILD/NRF52_DK/GCC_ARM_RX/mbed-os/targets/TARGET_NORDIC/TARGET_NRF5x/TARGET_SDK_15_0/components/libraries/util/app_util_platform.o
                0x00003826                app_util_critical_region_exit
 .text.nrf_gpiote_event_clear
                0x0000382a       0x18 BUILD/NRF52_DK/GCC_ARM_RX/mbed-os/targets/TARGET_NORDIC/TARGET_NRF5x/TARGET_SDK_15_0/modules/nrfx/drivers/src/nrfx_gpiote.o
 .text.nrf_gpio_cfg_sense_set
                0x00003842       0x20 BUILD/NRF52_DK/GCC_ARM_RX/mbed-os/targets/TARGET_NORDIC/TARGET_NRF5x/TARGET_SDK_15_0/modules/nrfx/drivers/src/nrfx_gpiote.o
 *fill*         0x00003862        0x2 
 .text.channel_free
                0x00003864       0x1c BUILD/NRF52_DK/GCC_ARM_RX/mbed-os/targets/TARGET_NORDIC/TARGET_NRF5x/TARGET_SDK_15_0/modules/nrfx/drivers/src/nrfx_gpiote.o
 .text.pin_configured_clear
                0x00003880       0x1c BUILD/NRF52_DK/GCC_ARM_RX/mbed-os/targets/TARGET_NORDIC/TARGET_NRF5x/TARGET_SDK_15_0/modules/nrfx/drivers/src/nrfx_gpiote.o
 .text.nrfx_gpiote_init
                0x0000389c       0x6c BUILD/NRF52_DK/GCC_ARM_RX/mbed-os/targets/TARGET_NORDIC/TARGET_NRF5x/TARGET_SDK_15_0/modules/nrfx/drivers/src/nrfx_gpiote.o
                0x0000389c                nrfx_gpiote_init
 .text.nrfx_gpiote_is_init
                0x00003908       0x14 BUILD/NRF52_DK/GCC_ARM_RX/mbed-os/targets/TARGET_NORDIC/TARGET_NRF5x/TARGET_SDK_15_0/modules/nrfx/drivers/src/nrfx_gpiote.o
                0x00003908                nrfx_gpiote_is_init
 .text.nrfx_gpiote_out_init
                0x0000391c       0xc4 BUILD/NRF52_DK/GCC_ARM_RX/mbed-os/targets/TARGET_NORDIC/TARGET_NRF5x/TARGET_SDK_15_0/modules/nrfx/drivers/src/nrfx_gpiote.o
                0x0000391c                nrfx_gpiote_out_init
 .text.nrfx_gpiote_out_uninit
                0x000039e0       0x64 BUILD/NRF52_DK/GCC_ARM_RX/mbed-os/targets/TARGET_NORDIC/TARGET_NRF5x/TARGET_SDK_15_0/modules/nrfx/drivers/src/nrfx_gpiote.o
                0x000039e0                nrfx_gpiote_out_uninit
 .text.nrfx_gpiote_out_task_enable
                0x00003a44       0x24 BUILD/NRF52_DK/GCC_ARM_RX/mbed-os/targets/TARGET_NORDIC/TARGET_NRF5x/TARGET_SDK_15_0/modules/nrfx/drivers/src/nrfx_gpiote.o
                0x00003a44                nrfx_gpiote_out_task_enable
 .text.nrfx_gpiote_out_task_addr_get
                0x00003a68       0x1c BUILD/NRF52_DK/GCC_ARM_RX/mbed-os/targets/TARGET_NORDIC/TARGET_NRF5x/TARGET_SDK_15_0/modules/nrfx/drivers/src/nrfx_gpiote.o
                0x00003a68                nrfx_gpiote_out_task_addr_get
 .text.nrfx_gpiote_clr_task_trigger
                0x00003a84       0x20 BUILD/NRF52_DK/GCC_ARM_RX/mbed-os/targets/TARGET_NORDIC/TARGET_NRF5x/TARGET_SDK_15_0/modules/nrfx/drivers/src/nrfx_gpiote.o
                0x00003a84                nrfx_gpiote_clr_task_trigger
 .text.nrfx_gpiote_in_init
                0x00003aa4       0xe4 BUILD/NRF52_DK/GCC_ARM_RX/mbed-os/targets/TARGET_NORDIC/TARGET_NRF5x/TARGET_SDK_15_0/modules/nrfx/drivers/src/nrfx_gpiote.o
                0x00003aa4                nrfx_gpiote_in_init
 .text.nrfx_gpiote_in_event_enable
                0x00003b88       0x88 BUILD/NRF52_DK/GCC_ARM_RX/mbed-os/targets/TARGET_NORDIC/TARGET_NRF5x/TARGET_SDK_15_0/modules/nrfx/drivers/src/nrfx_gpiote.o
                0x00003b88                nrfx_gpiote_in_event_enable
 .text.nrfx_gpiote_in_event_disable
                0x00003c10       0x44 BUILD/NRF52_DK/GCC_ARM_RX/mbed-os/targets/TARGET_NORDIC/TARGET_NRF5x/TARGET_SDK_15_0/modules/nrfx/drivers/src/nrfx_gpiote.o
                0x00003c10                nrfx_gpiote_in_event_disable
 .text.nrfx_gpiote_in_uninit
                0x00003c54       0x68 BUILD/NRF52_DK/GCC_ARM_RX/mbed-os/targets/TARGET_NORDIC/TARGET_NRF5x/TARGET_SDK_15_0/modules/nrfx/drivers/src/nrfx_gpiote.o
                0x00003c54                nrfx_gpiote_in_uninit
 .text.GPIOTE_IRQHandler
                0x00003cbc      0x184 BUILD/NRF52_DK/GCC_ARM_RX/mbed-os/targets/TARGET_NORDIC/TARGET_NRF5x/TARGET_SDK_15_0/modules/nrfx/drivers/src/nrfx_gpiote.o
                0x00003cbc                GPIOTE_IRQHandler
 .text.nrfx_ppi_channel_alloc
                0x00003e40       0x5c BUILD/NRF52_DK/GCC_ARM_RX/mbed-os/targets/TARGET_NORDIC/TARGET_NRF5x/TARGET_SDK_15_0/modules/nrfx/drivers/src/nrfx_ppi.o
                0x00003e40                nrfx_ppi_channel_alloc
 .text.nrfx_ppi_channel_assign
                0x00003e9c       0x40 BUILD/NRF52_DK/GCC_ARM_RX/mbed-os/targets/TARGET_NORDIC/TARGET_NRF5x/TARGET_SDK_15_0/modules/nrfx/drivers/src/nrfx_ppi.o
                0x00003e9c                nrfx_ppi_channel_assign
 .text.nrfx_ppi_channel_enable
                0x00003edc       0x2c BUILD/NRF52_DK/GCC_ARM_RX/mbed-os/targets/TARGET_NORDIC/TARGET_NRF5x/TARGET_SDK_15_0/modules/nrfx/drivers/src/nrfx_ppi.o
                0x00003edc                nrfx_ppi_channel_enable
 .text.nrfx_ppi_channel_disable
                0x00003f08       0x2c BUILD/NRF52_DK/GCC_ARM_RX/mbed-os/targets/TARGET_NORDIC/TARGET_NRF5x/TARGET_SDK_15_0/modules/nrfx/drivers/src/nrfx_ppi.o
                0x00003f08                nrfx_ppi_channel_disable
 .text.RNG_IRQHandler
                0x00003f34       0x2c BUILD/NRF52_DK/GCC_ARM_RX/mbed-os/targets/TARGET_NORDIC/TARGET_NRF5x/TARGET_SDK_15_0/modules/nrfx/drivers/src/nrfx_rng.o
                0x00003f34                RNG_IRQHandler
 .text._ZN16nBlockSimpleNodeILj1EE15outputAvailableEm
                0x00003f60        0x8 BUILD/NRF52_DK/GCC_ARM_RX/nlib/StringSerial/stringserial.o
                0x00003f60                nBlockSimpleNode<1u>::outputAvailable(unsigned long)
 .text._ZN16nBlockSimpleNodeILj1EE14readOutputTypeEm
                0x00003f68        0x6 BUILD/NRF52_DK/GCC_ARM_RX/nlib/StringSerial/stringserial.o
                0x00003f68                nBlockSimpleNode<1u>::readOutputType(unsigned long)
 .text._ZN16nBlockSimpleNodeILj1EE10readOutputEm
                0x00003f6e        0x8 BUILD/NRF52_DK/GCC_ARM_RX/nlib/StringSerial/stringserial.o
                0x00003f6e                nBlockSimpleNode<1u>::readOutput(unsigned long)
 .text._ZN16nBlockSimpleNodeILj1EE4stepEv
                0x00003f76       0x18 BUILD/NRF52_DK/GCC_ARM_RX/nlib/StringSerial/stringserial.o
                0x00003f76                nBlockSimpleNode<1u>::step()
 .text._ZN19nBlock_StringSerial12triggerInputE15nBlocks_Message
                0x00003f8e       0x48 BUILD/NRF52_DK/GCC_ARM_RX/nlib/StringSerial/stringserial.o
                0x00003f8e                nBlock_StringSerial::triggerInput(nBlocks_Message)
 .text._ZN19nBlock_StringSerial8endFrameEv
                0x00003fd6       0x1c BUILD/NRF52_DK/GCC_ARM_RX/nlib/StringSerial/stringserial.o
                0x00003fd6                nBlock_StringSerial::endFrame()
 *fill*         0x00003ff2        0x2 
 .text._ZN19nBlock_StringSerialC2E7PinNameS0_
                0x00003ff4       0x3c BUILD/NRF52_DK/GCC_ARM_RX/nlib/StringSerial/stringserial.o
                0x00003ff4                nBlock_StringSerial::nBlock_StringSerial(PinName, PinName)
                0x00003ff4                nBlock_StringSerial::nBlock_StringSerial(PinName, PinName)
 .text._ZN11RadioConfigC2Ev
                0x00004030       0x2a BUILD/NRF52_DK/GCC_ARM_RX/nlib/nRF5xRadio/nRFBareRadio/nRFBareRadio.o
                0x00004030                RadioConfig::RadioConfig()
                0x00004030                RadioConfig::RadioConfig()
 .text._ZN9BareRadio11ConfigClockEv
                0x0000405a       0x2e BUILD/NRF52_DK/GCC_ARM_RX/nlib/nRF5xRadio/nRFBareRadio/nRFBareRadio.o
                0x0000405a                BareRadio::ConfigClock()
 .text._ZN9BareRadioC2Ev
                0x00004088       0x24 BUILD/NRF52_DK/GCC_ARM_RX/nlib/nRF5xRadio/nRFBareRadio/nRFBareRadio.o
                0x00004088                BareRadio::BareRadio()
                0x00004088                BareRadio::BareRadio()
 .text._ZN9BareRadio5SetupEi12RadioAddressR11RadioConfig
                0x000040ac      0x11c BUILD/NRF52_DK/GCC_ARM_RX/nlib/nRF5xRadio/nRFBareRadio/nRFBareRadio.o
                0x000040ac                BareRadio::Setup(int, RadioAddress, RadioConfig&)
 .text._ZN9BareRadio8TransmitEPh
                0x000041c8       0x30 BUILD/NRF52_DK/GCC_ARM_RX/nlib/nRF5xRadio/nRFBareRadio/nRFBareRadio.o
                0x000041c8                BareRadio::Transmit(unsigned char*)
 .text._ZN9BareRadio8TransmitEPc
                0x000041f8        0x4 BUILD/NRF52_DK/GCC_ARM_RX/nlib/nRF5xRadio/nRFBareRadio/nRFBareRadio.o
                0x000041f8                BareRadio::Transmit(char*)
 .text._ZN9BareRadio7ReceiveEPh
                0x000041fc       0x40 BUILD/NRF52_DK/GCC_ARM_RX/nlib/nRF5xRadio/nRFBareRadio/nRFBareRadio.o
                0x000041fc                BareRadio::Receive(unsigned char*)
 .text._ZN9BareRadio7ReceiveEPc
                0x0000423c        0x4 BUILD/NRF52_DK/GCC_ARM_RX/nlib/nRF5xRadio/nRFBareRadio/nRFBareRadio.o
                0x0000423c                BareRadio::Receive(char*)
 .text._ZN17nBlock_nRF5xRadio12triggerInputE15nBlocks_Message
                0x00004240       0x56 BUILD/NRF52_DK/GCC_ARM_RX/nlib/nRF5xRadio/nrf5xradio.o
                0x00004240                nBlock_nRF5xRadio::triggerInput(nBlocks_Message)
 .text._ZN17nBlock_nRF5xRadio8endFrameEv
                0x00004296       0x38 BUILD/NRF52_DK/GCC_ARM_RX/nlib/nRF5xRadio/nrf5xradio.o
                0x00004296                nBlock_nRF5xRadio::endFrame()
 *fill*         0x000042ce        0x2 
 .text._ZN17nBlock_nRF5xRadioC2Emmhmhhhhh
                0x000042d0       0xa0 BUILD/NRF52_DK/GCC_ARM_RX/nlib/nRF5xRadio/nrf5xradio.o
                0x000042d0                nBlock_nRF5xRadio::nBlock_nRF5xRadio(unsigned long, unsigned long, unsigned char, unsigned long, unsigned char, unsigned char, unsigned char, unsigned char, unsigned char)
                0x000042d0                nBlock_nRF5xRadio::nBlock_nRF5xRadio(unsigned long, unsigned long, unsigned char, unsigned long, unsigned char, unsigned char, unsigned char, unsigned char, unsigned char)
 .text._ZN10nBlockNode14readOutputTypeEm
                0x00004370        0x4 BUILD/NRF52_DK/GCC_ARM_RX/nlib/nworkbench.o
                0x00004370                nBlockNode::readOutputType(unsigned long)
 .text._ZN10nBlockNode15outputAvailableEm
                0x00004374        0x4 BUILD/NRF52_DK/GCC_ARM_RX/nlib/nworkbench.o
                0x00004374                nBlockNode::outputAvailable(unsigned long)
                0x00004374                nBlockNode::readOutput(unsigned long)
 .text._ZN10nBlockNode12triggerInputE15nBlocks_Message
                0x00004378        0xc BUILD/NRF52_DK/GCC_ARM_RX/nlib/nworkbench.o
                0x00004378                nBlockNode::triggerInput(nBlocks_Message)
 .text._ZN10nBlockNode4stepEv
                0x00004384        0x2 BUILD/NRF52_DK/GCC_ARM_RX/nlib/nworkbench.o
                0x00004384                nBlockNode::step()
 *fill*         0x00004386        0x2 
 .text._Z13propagateTickv
                0x00004388       0x10 BUILD/NRF52_DK/GCC_ARM_RX/nlib/nworkbench.o
                0x00004388                propagateTick()
 .text._ZN10nBlockNodeC2Ev
                0x00004398       0x24 BUILD/NRF52_DK/GCC_ARM_RX/nlib/nworkbench.o
                0x00004398                nBlockNode::nBlockNode()
                0x00004398                nBlockNode::nBlockNode()
 .text._ZN16nBlockConnectionC2EP10nBlockNodemS1_m
                0x000043bc       0x2c BUILD/NRF52_DK/GCC_ARM_RX/nlib/nworkbench.o
                0x000043bc                nBlockConnection::nBlockConnection(nBlockNode*, unsigned long, nBlockNode*, unsigned long)
                0x000043bc                nBlockConnection::nBlockConnection(nBlockNode*, unsigned long, nBlockNode*, unsigned long)
 .text._ZN16nBlockConnection9propagateEv
                0x000043e8       0x98 BUILD/NRF52_DK/GCC_ARM_RX/nlib/nworkbench.o
                0x000043e8                nBlockConnection::propagate()
 .text._Z13ProgressNodesv
                0x00004480       0x64 BUILD/NRF52_DK/GCC_ARM_RX/nlib/nworkbench.o
                0x00004480                ProgressNodes()
 .text._Z14SetupWorkbenchv
                0x000044e4       0x40 BUILD/NRF52_DK/GCC_ARM_RX/nlib/nworkbench.o
                0x000044e4                SetupWorkbench()
 .text.startup._GLOBAL__sub_I_PropagateTicker
                0x00004524       0x24 BUILD/NRF52_DK/GCC_ARM_RX/nlib/nworkbench.o
 .text._calloc_r
                0x00004548       0x60 c:/program files (x86)/gnu tools arm embedded/9 2019-q4-major/bin/../lib/gcc/arm-none-eabi/9.2.1/../../../../arm-none-eabi/lib/thumb/v7e-m+fp/softfp\libc.a(lib_a-callocr.o)
                0x00004548                _calloc_r
 .text.__errno  0x000045a8        0xc c:/program files (x86)/gnu tools arm embedded/9 2019-q4-major/bin/../lib/gcc/arm-none-eabi/9.2.1/../../../../arm-none-eabi/lib/thumb/v7e-m+fp/softfp\libc.a(lib_a-errno.o)
                0x000045a8                __errno
 .text._fclose_r
                0x000045b4       0xcc c:/program files (x86)/gnu tools arm embedded/9 2019-q4-major/bin/../lib/gcc/arm-none-eabi/9.2.1/../../../../arm-none-eabi/lib/thumb/v7e-m+fp/softfp\libc.a(lib_a-fclose.o)
                0x000045b4                _fclose_r
 .text.fclose   0x00004680       0x10 c:/program files (x86)/gnu tools arm embedded/9 2019-q4-major/bin/../lib/gcc/arm-none-eabi/9.2.1/../../../../arm-none-eabi/lib/thumb/v7e-m+fp/softfp\libc.a(lib_a-fclose.o)
                0x00004680                fclose
 .text.__sflush_r
                0x00004690      0x130 c:/program files (x86)/gnu tools arm embedded/9 2019-q4-major/bin/../lib/gcc/arm-none-eabi/9.2.1/../../../../arm-none-eabi/lib/thumb/v7e-m+fp/softfp\libc.a(lib_a-fflush.o)
                0x00004690                __sflush_r
 .text._fflush_r
                0x000047c0       0x5c c:/program files (x86)/gnu tools arm embedded/9 2019-q4-major/bin/../lib/gcc/arm-none-eabi/9.2.1/../../../../arm-none-eabi/lib/thumb/v7e-m+fp/softfp\libc.a(lib_a-fflush.o)
                0x000047c0                _fflush_r
 .text.fflush   0x0000481c       0x24 c:/program files (x86)/gnu tools arm embedded/9 2019-q4-major/bin/../lib/gcc/arm-none-eabi/9.2.1/../../../../arm-none-eabi/lib/thumb/v7e-m+fp/softfp\libc.a(lib_a-fflush.o)
                0x0000481c                fflush
 .text.fgetc    0x00004840       0x68 c:/program files (x86)/gnu tools arm embedded/9 2019-q4-major/bin/../lib/gcc/arm-none-eabi/9.2.1/../../../../arm-none-eabi/lib/thumb/v7e-m+fp/softfp\libc.a(lib_a-fgetc.o)
                0x00004840                fgetc
 .text.std      0x000048a8       0x50 c:/program files (x86)/gnu tools arm embedded/9 2019-q4-major/bin/../lib/gcc/arm-none-eabi/9.2.1/../../../../arm-none-eabi/lib/thumb/v7e-m+fp/softfp\libc.a(lib_a-findfp.o)
 .text._cleanup_r
                0x000048f8        0xc c:/program files (x86)/gnu tools arm embedded/9 2019-q4-major/bin/../lib/gcc/arm-none-eabi/9.2.1/../../../../arm-none-eabi/lib/thumb/v7e-m+fp/softfp\libc.a(lib_a-findfp.o)
                0x000048f8                _cleanup_r
 .text.__sfmoreglue
                0x00004904       0x30 c:/program files (x86)/gnu tools arm embedded/9 2019-q4-major/bin/../lib/gcc/arm-none-eabi/9.2.1/../../../../arm-none-eabi/lib/thumb/v7e-m+fp/softfp\libc.a(lib_a-findfp.o)
                0x00004904                __sfmoreglue
 .text.__sinit  0x00004934       0x54 c:/program files (x86)/gnu tools arm embedded/9 2019-q4-major/bin/../lib/gcc/arm-none-eabi/9.2.1/../../../../arm-none-eabi/lib/thumb/v7e-m+fp/softfp\libc.a(lib_a-findfp.o)
                0x00004934                __sinit
 .text.__sfp    0x00004988       0xa4 c:/program files (x86)/gnu tools arm embedded/9 2019-q4-major/bin/../lib/gcc/arm-none-eabi/9.2.1/../../../../arm-none-eabi/lib/thumb/v7e-m+fp/softfp\libc.a(lib_a-findfp.o)
                0x00004988                __sfp
 .text.__sfp_lock_acquire
                0x00004a2c        0xc c:/program files (x86)/gnu tools arm embedded/9 2019-q4-major/bin/../lib/gcc/arm-none-eabi/9.2.1/../../../../arm-none-eabi/lib/thumb/v7e-m+fp/softfp\libc.a(lib_a-findfp.o)
                0x00004a2c                __sfp_lock_acquire
 .text.__sfp_lock_release
                0x00004a38        0xc c:/program files (x86)/gnu tools arm embedded/9 2019-q4-major/bin/../lib/gcc/arm-none-eabi/9.2.1/../../../../arm-none-eabi/lib/thumb/v7e-m+fp/softfp\libc.a(lib_a-findfp.o)